Mar 27 12:40:47 tobian kernel: [  691.168573] usb 3-1.2.2: reset high-speed USB device number 5 using xhci_hcd
Mar 27 12:40:48 tobian kernel: [  691.862844] ucsi_acpi USBC000:00: UCSI_GET_PDOS returned 0 bytes
Mar 27 12:40:49 tobian kernel: [  693.032341] Bluetooth: RFCOMM TTY layer initialized
Mar 27 12:40:49 tobian kernel: [  693.032350] Bluetooth: RFCOMM socket layer initialized
Mar 27 12:40:49 tobian kernel: [  693.032355] Bluetooth: RFCOMM ver 1.11
Mar 27 12:40:55 tobian kernel: [  698.876805] wlp3s0: authenticate with 98:9b:cb:47:30:d3
Mar 27 12:40:55 tobian kernel: [  698.890755] wlp3s0: send auth to 98:9b:cb:47:30:d3 (try 1/3)
Mar 27 12:40:55 tobian kernel: [  698.899575] wlp3s0: authenticated
Mar 27 12:40:55 tobian kernel: [  698.900330] wlp3s0: associate with 98:9b:cb:47:30:d3 (try 1/3)
Mar 27 12:40:55 tobian kernel: [  698.902911] wlp3s0: RX AssocResp from 98:9b:cb:47:30:d3 (capab=0x1511 status=0 aid=3)
Mar 27 12:40:55 tobian kernel: [  698.904979] wlp3s0: associated
Mar 27 12:40:55 tobian kernel: [  699.236344] IPv6: ADDRCONF(NETDEV_CHANGE): wlp3s0: link becomes ready
Mar 27 12:41:07 tobian vboxdrv.sh: VirtualBox kernel modules built.
Mar 27 12:41:07 tobian kernel: [  710.999470] vboxdrv: loading out-of-tree module taints kernel.
Mar 27 12:41:07 tobian kernel: [  710.999965] vboxdrv: module verification failed: signature and/or required key missing - tainting kernel
Mar 27 12:41:07 tobian kernel: [  711.040957] vboxdrv: TSC mode is Invariant, tentative frequency 1991999029 Hz
Mar 27 12:41:07 tobian kernel: [  711.253405] VBoxNetFlt: Successfully started.
Mar 27 12:41:07 tobian kernel: [  711.259858] VBoxNetAdp: Successfully started.
Mar 27 12:58:27 tobian kernel: [ 1751.770469] logitech-hidpp-device 0003:046D:4051.0007: HID++ 4.5 device connected.
Mar 27 13:51:42 tobian kernel: [ 4947.255228] e1000e 0000:00:1f.6 enp0s31f6: NIC Link is Down
Mar 27 13:51:43 tobian kernel: [ 4947.273852] wlp3s0: deauthenticating from 98:9b:cb:47:30:d3 by local choice (Reason: 3=DEAUTH_LEAVING)
Mar 27 13:51:43 tobian kernel: [ 4947.680079] PM: suspend entry (deep)
Mar 27 13:51:43 tobian kernel: [ 4947.698474] Filesystems sync: 0.018 seconds
Mar 27 13:51:43 tobian kernel: [ 4947.698703] (NULL device *): firmware: direct-loading firmware regulatory.db
Mar 27 13:51:43 tobian kernel: [ 4947.698707] (NULL device *): firmware: direct-loading firmware regulatory.db.p7s
Mar 27 13:51:43 tobian kernel: [ 4947.698735] (NULL device *): firmware: direct-loading firmware intel/ibt-12-16.ddc
Mar 27 13:51:43 tobian kernel: [ 4947.698890] (NULL device *): firmware: direct-loading firmware intel/ibt-12-16.sfi
Mar 27 13:51:43 tobian kernel: [ 4947.699047] (NULL device *): firmware: direct-loading firmware i915/kbl_dmc_ver1_04.bin
Mar 27 13:51:43 tobian kernel: [ 4947.699164] (NULL device *): firmware: direct-loading firmware iwlwifi-8265-36.ucode
Mar 27 17:50:11 tobian kernel: [ 4947.715245] Freezing user space processes ... (elapsed 0.001 seconds) done.
Mar 27 17:50:11 tobian kernel: [ 4947.717146] OOM killer disabled.
Mar 27 17:50:11 tobian kernel: [ 4947.717146] Freezing remaining freezable tasks ... (elapsed 0.001 seconds) done.
Mar 27 17:50:11 tobian kernel: [ 4947.718362] printk: Suspending console(s) (use no_console_suspend to debug)
Mar 27 17:50:11 tobian kernel: [ 4947.895880] e1000e: EEE TX LPI TIMER: 00000011
Mar 27 17:50:11 tobian kernel: [ 4948.186211] ACPI: EC: interrupt blocked
Mar 27 17:50:11 tobian kernel: [ 4948.506447] ACPI: Preparing to enter system sleep state S3
Mar 27 17:50:11 tobian kernel: [ 4948.514949] ACPI: EC: event blocked
Mar 27 17:50:11 tobian kernel: [ 4948.514950] ACPI: EC: EC stopped
Mar 27 17:50:11 tobian kernel: [ 4948.514952] PM: Saving platform NVS memory
Mar 27 17:50:11 tobian kernel: [ 4948.514963] Disabling non-boot CPUs ...
Mar 27 17:50:11 tobian kernel: [ 4948.516787] smpboot: CPU 1 is now offline
Mar 27 17:50:11 tobian kernel: [ 4948.520765] smpboot: CPU 2 is now offline
Mar 27 17:50:11 tobian kernel: [ 4948.524749] smpboot: CPU 3 is now offline
Mar 27 17:50:11 tobian kernel: [ 4948.529837] smpboot: CPU 4 is now offline
Mar 27 17:50:11 tobian kernel: [ 4948.533622] smpboot: CPU 5 is now offline
Mar 27 17:50:11 tobian kernel: [ 4948.536982] smpboot: CPU 6 is now offline
Mar 27 17:50:11 tobian kernel: [ 4948.540734] smpboot: CPU 7 is now offline
Mar 27 17:50:11 tobian kernel: [ 4948.545693] ACPI: Low-level resume complete
Mar 27 17:50:11 tobian kernel: [ 4948.545737] ACPI: EC: EC started
Mar 27 17:50:11 tobian kernel: [ 4948.545737] PM: Restoring platform NVS memory
Mar 27 17:50:11 tobian kernel: [ 4948.549799] smpboot: Scheduler frequency invariance went wobbly, disabling!
Mar 27 17:50:11 tobian kernel: [ 4948.549865] Enabling non-boot CPUs ...
Mar 27 17:50:11 tobian kernel: [ 4948.549904] x86: Booting SMP configuration:
Mar 27 17:50:11 tobian kernel: [ 4948.549905] smpboot: Booting Node 0 Processor 1 APIC 0x2
Mar 27 17:50:11 tobian kernel: [ 4948.556019] CPU1 is up
Mar 27 17:50:11 tobian kernel: [ 4948.556040] smpboot: Booting Node 0 Processor 2 APIC 0x4
Mar 27 17:50:11 tobian kernel: [ 4948.556602] CPU2 is up
Mar 27 17:50:11 tobian kernel: [ 4948.556619] smpboot: Booting Node 0 Processor 3 APIC 0x6
Mar 27 17:50:11 tobian kernel: [ 4948.557190] CPU3 is up
Mar 27 17:50:11 tobian kernel: [ 4948.557208] smpboot: Booting Node 0 Processor 4 APIC 0x1
Mar 27 17:50:11 tobian kernel: [ 4948.557930] CPU4 is up
Mar 27 17:50:11 tobian kernel: [ 4948.557950] smpboot: Booting Node 0 Processor 5 APIC 0x3
Mar 27 17:50:11 tobian kernel: [ 4948.558534] CPU5 is up
Mar 27 17:50:11 tobian kernel: [ 4948.558552] smpboot: Booting Node 0 Processor 6 APIC 0x5
Mar 27 17:50:11 tobian kernel: [ 4948.559146] CPU6 is up
Mar 27 17:50:11 tobian kernel: [ 4948.559163] smpboot: Booting Node 0 Processor 7 APIC 0x7
Mar 27 17:50:11 tobian kernel: [ 4948.559768] CPU7 is up
Mar 27 17:50:11 tobian kernel: [ 4948.562036] ACPI: Waking up from system sleep state S3
Mar 27 17:50:11 tobian kernel: [ 4948.663574] ACPI: EC: interrupt unblocked
Mar 27 17:50:11 tobian kernel: [ 4948.665836] pcieport 0000:00:1d.0: Intel SPT PCH root port ACS workaround enabled
Mar 27 17:50:11 tobian kernel: [ 4948.681406] pcieport 0000:00:1c.4: Intel SPT PCH root port ACS workaround enabled
Mar 27 17:50:11 tobian kernel: [ 4948.681412] pcieport 0000:00:1d.2: Intel SPT PCH root port ACS workaround enabled
Mar 27 17:50:11 tobian kernel: [ 4948.682011] pcieport 0000:00:1c.6: Intel SPT PCH root port ACS workaround enabled
Mar 27 17:50:11 tobian kernel: [ 4950.128163] ACPI: EC: event unblocked
Mar 27 17:50:11 tobian kernel: [ 4950.146601] nvme nvme1: 8/0/0 default/read/poll queues
Mar 27 17:50:11 tobian kernel: [ 4950.173742] nvme nvme0: 8/0/0 default/read/poll queues
Mar 27 17:50:11 tobian kernel: [ 4950.183733] usb 2-3: Disable of device-initiated U1 failed.
Mar 27 17:50:11 tobian kernel: [ 4950.187555] usb 2-3: Disable of device-initiated U2 failed.
Mar 27 17:50:11 tobian kernel: [ 4950.381450] usb 2-3: reset SuperSpeed Gen 1 USB device number 2 using xhci_hcd
Mar 27 17:50:11 tobian kernel: [ 4950.537610] usb 1-9: reset full-speed USB device number 6 using xhci_hcd
Mar 27 17:50:11 tobian kernel: [ 4950.813695] usb 1-7: reset full-speed USB device number 4 using xhci_hcd
Mar 27 17:50:11 tobian kernel: [ 4951.089504] usb 1-8: reset high-speed USB device number 5 using xhci_hcd
Mar 27 17:50:11 tobian kernel: [ 4951.365635] usb 1-3: reset full-speed USB device number 2 using xhci_hcd
Mar 27 17:50:11 tobian kernel: [ 4951.534021] mei_hdcp 0000:00:16.0-b638ab7e-94e2-4ea2-a552-d1c54b627f04: bound 0000:00:02.0 (ops i915_hdcp_component_ops [i915])
Mar 27 17:50:11 tobian kernel: [ 4951.535300] acpi LNXPOWER:01: Turning OFF
Mar 27 17:50:11 tobian kernel: [ 4951.535539] Bluetooth: hci0: Bootloader revision 0.0 build 26 week 38 2015
Mar 27 17:50:11 tobian kernel: [ 4951.535981] OOM killer enabled.
Mar 27 17:50:11 tobian kernel: [ 4951.535985] Restarting tasks ... 
Mar 27 17:50:11 tobian kernel: [ 4951.536577] Bluetooth: hci0: Device revision is 16
Mar 27 17:50:11 tobian kernel: [ 4951.536581] Bluetooth: hci0: Secure boot is enabled
Mar 27 17:50:11 tobian kernel: [ 4951.536583] Bluetooth: hci0: OTP lock is enabled
Mar 27 17:50:11 tobian kernel: [ 4951.536585] Bluetooth: hci0: API lock is enabled
Mar 27 17:50:11 tobian kernel: [ 4951.536587] Bluetooth: hci0: Debug lock is disabled
Mar 27 17:50:11 tobian kernel: [ 4951.536590] Bluetooth: hci0: Minimum firmware build 1 week 10 2014
Mar 27 17:50:11 tobian kernel: [ 4951.536598] Bluetooth: hci0: Found device firmware: intel/ibt-12-16.sfi
Mar 27 17:50:12 tobian kernel: [ 4951.558699] done.
Mar 27 17:50:12 tobian kernel: [ 4951.622558] PM: suspend exit
Mar 27 17:50:13 tobian kernel: [ 4953.198350] Bluetooth: hci0: Waiting for firmware download to complete
Mar 27 17:50:13 tobian kernel: [ 4953.198360] Bluetooth: hci0: Firmware loaded in 1624946 usecs
Mar 27 17:50:13 tobian kernel: [ 4953.198501] Bluetooth: hci0: Waiting for device to boot
Mar 27 17:50:13 tobian kernel: [ 4953.210608] Bluetooth: hci0: Device booted in 11951 usecs
Mar 27 17:50:13 tobian kernel: [ 4953.210621] Bluetooth: hci0: Found Intel DDC parameters: intel/ibt-12-16.ddc
Mar 27 17:50:13 tobian kernel: [ 4953.213549] Bluetooth: hci0: Applying Intel DDC parameters completed
Mar 27 17:50:13 tobian kernel: [ 4953.214681] Bluetooth: hci0: Telemetry exception format not supported
Mar 27 17:50:13 tobian kernel: [ 4953.215661] Bluetooth: hci0: Firmware revision 0.1 build 50 week 12 2019
Mar 27 17:50:17 tobian kernel: [ 4957.012484] wlp3s0: authenticate with 98:9b:cb:47:30:d3
Mar 27 17:50:17 tobian kernel: [ 4957.025398] wlp3s0: send auth to 98:9b:cb:47:30:d3 (try 1/3)
Mar 27 17:50:17 tobian kernel: [ 4957.032804] wlp3s0: authenticated
Mar 27 17:50:17 tobian kernel: [ 4957.036820] wlp3s0: associate with 98:9b:cb:47:30:d3 (try 1/3)
Mar 27 17:50:17 tobian kernel: [ 4957.040344] wlp3s0: RX AssocResp from 98:9b:cb:47:30:d3 (capab=0x1511 status=0 aid=5)
Mar 27 17:50:17 tobian kernel: [ 4957.043038] wlp3s0: associated
Mar 27 17:50:17 tobian kernel: [ 4957.067904] IPv6: ADDRCONF(NETDEV_CHANGE): wlp3s0: link becomes ready
Mar 27 20:27:36 tobian kernel: [14395.476994] usb 1-4: USB disconnect, device number 3
Mar 27 20:27:36 tobian kernel: [14395.502633] usb 3-1: USB disconnect, device number 2
Mar 27 20:27:36 tobian kernel: [14395.502636] usb 3-1.2: USB disconnect, device number 3
Mar 27 20:27:36 tobian kernel: [14395.502643] usb 3-1.2.2: USB disconnect, device number 5
Mar 27 20:27:36 tobian kernel: [14395.571099] usb 3-1.2.3: USB disconnect, device number 7
Mar 27 20:27:36 tobian kernel: [14395.661750] usb 3-1.2.4: USB disconnect, device number 8
Mar 27 20:27:36 tobian kernel: [14395.737402] usb 4-1: USB disconnect, device number 2
Mar 27 20:27:36 tobian kernel: [14395.737405] usb 4-1.2: USB disconnect, device number 3
Mar 27 20:27:36 tobian kernel: [14395.770941] usb 3-1.3: USB disconnect, device number 4
Mar 27 20:27:36 tobian kernel: [14395.806681] thinkpad_acpi: undocked from hotplug port replicator
Mar 27 20:27:36 tobian kernel: [14396.038025] usb 3-1.5: USB disconnect, device number 6
Mar 27 20:27:40 tobian kernel: [14400.383829] pcieport 0000:00:1d.0: Intel SPT PCH root port ACS workaround enabled
Mar 27 20:28:23 tobian kernel: [14442.692740] input: Logitech Pebble Mouse as /devices/virtual/misc/uhid/0005:046D:B021.0009/input/input36
Mar 27 20:28:23 tobian kernel: [14442.693273] hid-generic 0005:046D:B021.0009: input,hidraw0: BLUETOOTH HID v0.07 Mouse [Logitech Pebble] on 20:79:18:bc:fd:a8
Mar 27 20:28:55 tobian kernel: [14474.812479] input: Logitech Pebble Mouse as /devices/virtual/misc/uhid/0005:046D:B021.000A/input/input38
Mar 27 20:28:55 tobian kernel: [14474.813206] hid-generic 0005:046D:B021.000A: input,hidraw0: BLUETOOTH HID v0.07 Mouse [Logitech Pebble] on 20:79:18:bc:fd:a8
Mar 27 20:55:56 tobian kernel: [16096.033241] e1000e 0000:00:1f.6 enp0s31f6: NIC Link is Down
Mar 27 20:55:56 tobian kernel: [16096.054505] wlp3s0: deauthenticating from 98:9b:cb:47:30:d3 by local choice (Reason: 3=DEAUTH_LEAVING)
Mar 27 20:55:58 tobian kernel: [16098.030322] pcieport 0000:00:1d.0: Intel SPT PCH root port ACS workaround enabled
Mar 27 20:56:00 tobian kernel: [16099.448602] PM: suspend entry (deep)
Mar 27 20:56:00 tobian kernel: [16099.485492] Filesystems sync: 0.036 seconds
Mar 27 20:56:00 tobian kernel: [16099.485833] (NULL device *): firmware: direct-loading firmware i915/kbl_dmc_ver1_04.bin
Mar 27 20:56:00 tobian kernel: [16099.485995] (NULL device *): firmware: direct-loading firmware regulatory.db
Mar 27 20:56:00 tobian kernel: [16099.486014] (NULL device *): firmware: direct-loading firmware regulatory.db.p7s
Mar 27 20:56:00 tobian kernel: [16099.487544] (NULL device *): firmware: direct-loading firmware iwlwifi-8265-36.ucode
Mar 27 21:00:00 tobian kernel: [16099.791417] Freezing user space processes ... (elapsed 0.004 seconds) done.
Mar 27 21:00:00 tobian kernel: [16099.795767] OOM killer disabled.
Mar 27 21:00:00 tobian kernel: [16099.795769] Freezing remaining freezable tasks ... (elapsed 0.001 seconds) done.
Mar 27 21:00:00 tobian kernel: [16099.797610] printk: Suspending console(s) (use no_console_suspend to debug)
Mar 27 21:00:00 tobian kernel: [16099.944194] e1000e: EEE TX LPI TIMER: 00000011
Mar 27 21:00:00 tobian kernel: [16100.099881] ACPI: EC: interrupt blocked
Mar 27 21:00:00 tobian kernel: [16100.223489] ACPI: Preparing to enter system sleep state S3
Mar 27 21:00:00 tobian kernel: [16100.232120] ACPI: EC: event blocked
Mar 27 21:00:00 tobian kernel: [16100.232122] ACPI: EC: EC stopped
Mar 27 21:00:00 tobian kernel: [16100.232123] PM: Saving platform NVS memory
Mar 27 21:00:00 tobian kernel: [16100.232135] Disabling non-boot CPUs ...
Mar 27 21:00:00 tobian kernel: [16100.233995] smpboot: CPU 1 is now offline
Mar 27 21:00:00 tobian kernel: [16100.239554] smpboot: CPU 2 is now offline
Mar 27 21:00:00 tobian kernel: [16100.243502] smpboot: CPU 3 is now offline
Mar 27 21:00:00 tobian kernel: [16100.248426] smpboot: CPU 4 is now offline
Mar 27 21:00:00 tobian kernel: [16100.252132] smpboot: CPU 5 is now offline
Mar 27 21:00:00 tobian kernel: [16100.255668] smpboot: CPU 6 is now offline
Mar 27 21:00:00 tobian kernel: [16100.259176] smpboot: CPU 7 is now offline
Mar 27 21:00:00 tobian kernel: [16100.264182] ACPI: Low-level resume complete
Mar 27 21:00:00 tobian kernel: [16100.264226] ACPI: EC: EC started
Mar 27 21:00:00 tobian kernel: [16100.264226] PM: Restoring platform NVS memory
Mar 27 21:00:00 tobian kernel: [16100.273927] Enabling non-boot CPUs ...
Mar 27 21:00:00 tobian kernel: [16100.273961] x86: Booting SMP configuration:
Mar 27 21:00:00 tobian kernel: [16100.273962] smpboot: Booting Node 0 Processor 1 APIC 0x2
Mar 27 21:00:00 tobian kernel: [16100.274619] CPU1 is up
Mar 27 21:00:00 tobian kernel: [16100.274639] smpboot: Booting Node 0 Processor 2 APIC 0x4
Mar 27 21:00:00 tobian kernel: [16100.275201] CPU2 is up
Mar 27 21:00:00 tobian kernel: [16100.275219] smpboot: Booting Node 0 Processor 3 APIC 0x6
Mar 27 21:00:00 tobian kernel: [16100.275786] CPU3 is up
Mar 27 21:00:00 tobian kernel: [16100.275804] smpboot: Booting Node 0 Processor 4 APIC 0x1
Mar 27 21:00:00 tobian kernel: [16100.276511] CPU4 is up
Mar 27 21:00:00 tobian kernel: [16100.276532] smpboot: Booting Node 0 Processor 5 APIC 0x3
Mar 27 21:00:00 tobian kernel: [16100.277113] CPU5 is up
Mar 27 21:00:00 tobian kernel: [16100.277130] smpboot: Booting Node 0 Processor 6 APIC 0x5
Mar 27 21:00:00 tobian kernel: [16100.277728] CPU6 is up
Mar 27 21:00:00 tobian kernel: [16100.277746] smpboot: Booting Node 0 Processor 7 APIC 0x7
Mar 27 21:00:00 tobian kernel: [16100.278357] CPU7 is up
Mar 27 21:00:00 tobian kernel: [16100.280607] ACPI: Waking up from system sleep state S3
Mar 27 21:00:00 tobian kernel: [16100.682472] ACPI: EC: interrupt unblocked
Mar 27 21:00:00 tobian kernel: [16100.684605] pcieport 0000:00:1d.0: Intel SPT PCH root port ACS workaround enabled
Mar 27 21:00:00 tobian kernel: [16100.702421] pcieport 0000:00:1d.2: Intel SPT PCH root port ACS workaround enabled
Mar 27 21:00:00 tobian kernel: [16100.702431] pcieport 0000:00:1c.6: Intel SPT PCH root port ACS workaround enabled
Mar 27 21:00:00 tobian kernel: [16100.703593] pcieport 0000:00:1c.4: Intel SPT PCH root port ACS workaround enabled
Mar 27 21:00:00 tobian kernel: [16102.136407] ACPI: EC: event unblocked
Mar 27 21:00:00 tobian kernel: [16102.143446] xhci_hcd 0000:3c:00.0: xHC error in resume, USBSTS 0x401, Reinit
Mar 27 21:00:00 tobian kernel: [16102.143448] usb usb3: root hub lost power or was reset
Mar 27 21:00:00 tobian kernel: [16102.143448] usb usb4: root hub lost power or was reset
Mar 27 21:00:00 tobian kernel: [16102.154884] nvme nvme1: 8/0/0 default/read/poll queues
Mar 27 21:00:00 tobian kernel: [16102.177544] nvme nvme0: 8/0/0 default/read/poll queues
Mar 27 21:00:00 tobian kernel: [16102.196845] usb 2-3: Disable of device-initiated U1 failed.
Mar 27 21:00:00 tobian kernel: [16102.200342] usb 2-3: Disable of device-initiated U2 failed.
Mar 27 21:00:00 tobian kernel: [16102.394876] usb 2-3: reset SuperSpeed Gen 1 USB device number 2 using xhci_hcd
Mar 27 21:00:00 tobian kernel: [16102.546542] usb 1-7: reset full-speed USB device number 4 using xhci_hcd
Mar 27 21:00:00 tobian kernel: [16102.822625] usb 1-9: reset full-speed USB device number 6 using xhci_hcd
Mar 27 21:00:00 tobian kernel: [16103.098637] usb 1-3: reset full-speed USB device number 2 using xhci_hcd
Mar 27 21:00:00 tobian kernel: [16103.374533] usb 1-8: reset high-speed USB device number 5 using xhci_hcd
Mar 27 21:00:00 tobian kernel: [16103.573186] mei_hdcp 0000:00:16.0-b638ab7e-94e2-4ea2-a552-d1c54b627f04: bound 0000:00:02.0 (ops i915_hdcp_component_ops [i915])
Mar 27 21:00:00 tobian kernel: [16103.574526] acpi LNXPOWER:01: Turning OFF
Mar 27 21:00:00 tobian kernel: [16103.574574] Bluetooth: hci0: Bootloader revision 0.0 build 26 week 38 2015
Mar 27 21:00:00 tobian kernel: [16103.575092] OOM killer enabled.
Mar 27 21:00:00 tobian kernel: [16103.575096] Restarting tasks ... 
Mar 27 21:00:00 tobian kernel: [16103.575835] Bluetooth: hci0: Device revision is 16
Mar 27 21:00:00 tobian kernel: [16103.575839] Bluetooth: hci0: Secure boot is enabled
Mar 27 21:00:00 tobian kernel: [16103.575841] Bluetooth: hci0: OTP lock is enabled
Mar 27 21:00:00 tobian kernel: [16103.575843] Bluetooth: hci0: API lock is enabled
Mar 27 21:00:00 tobian kernel: [16103.575845] Bluetooth: hci0: Debug lock is disabled
Mar 27 21:00:00 tobian kernel: [16103.575849] Bluetooth: hci0: Minimum firmware build 1 week 10 2014
Mar 27 21:00:00 tobian kernel: [16103.576380] bluetooth hci0: firmware: direct-loading firmware intel/ibt-12-16.sfi
Mar 27 21:00:00 tobian kernel: [16103.576390] Bluetooth: hci0: Found device firmware: intel/ibt-12-16.sfi
Mar 27 21:00:00 tobian kernel: [16103.579261] done.
Mar 27 21:00:00 tobian kernel: [16103.663109] PM: suspend exit
Mar 27 21:00:02 tobian kernel: [16105.423041] Bluetooth: hci0: Waiting for firmware download to complete
Mar 27 21:00:02 tobian kernel: [16105.423530] Bluetooth: hci0: Firmware loaded in 1806588 usecs
Mar 27 21:00:02 tobian kernel: [16105.423647] Bluetooth: hci0: Waiting for device to boot
Mar 27 21:00:02 tobian kernel: [16105.435731] Bluetooth: hci0: Device booted in 11905 usecs
Mar 27 21:00:02 tobian kernel: [16105.435814] bluetooth hci0: firmware: direct-loading firmware intel/ibt-12-16.ddc
Mar 27 21:00:02 tobian kernel: [16105.435824] Bluetooth: hci0: Found Intel DDC parameters: intel/ibt-12-16.ddc
Mar 27 21:00:02 tobian kernel: [16105.438570] Bluetooth: hci0: Applying Intel DDC parameters completed
Mar 27 21:00:02 tobian kernel: [16105.439573] Bluetooth: hci0: Telemetry exception format not supported
Mar 27 21:00:02 tobian kernel: [16105.440595] Bluetooth: hci0: Firmware revision 0.1 build 50 week 12 2019
Mar 27 21:00:04 tobian kernel: [16107.802048] wlp3s0: authenticate with 98:9b:cb:47:30:d2
Mar 27 21:00:04 tobian kernel: [16107.814643] wlp3s0: send auth to 98:9b:cb:47:30:d2 (try 1/3)
Mar 27 21:00:04 tobian kernel: [16107.822815] wlp3s0: authenticated
Mar 27 21:00:04 tobian kernel: [16107.829809] wlp3s0: associate with 98:9b:cb:47:30:d2 (try 1/3)
Mar 27 21:00:04 tobian kernel: [16107.838557] wlp3s0: RX AssocResp from 98:9b:cb:47:30:d2 (capab=0x1431 status=0 aid=3)
Mar 27 21:00:04 tobian kernel: [16107.843002] wlp3s0: associated
Mar 27 21:00:04 tobian kernel: [16107.885855] IPv6: ADDRCONF(NETDEV_CHANGE): wlp3s0: link becomes ready
Mar 27 21:00:20 tobian kernel: [16123.720231] input: Logitech Pebble Mouse as /devices/virtual/misc/uhid/0005:046D:B021.000B/input/input40
Mar 27 21:00:20 tobian kernel: [16123.720861] hid-generic 0005:046D:B021.000B: input,hidraw0: BLUETOOTH HID v0.07 Mouse [Logitech Pebble] on 20:79:18:bc:fd:a8
Mar 27 21:00:59 tobian kernel: [16162.434230] input: Logitech Pebble Mouse as /devices/virtual/misc/uhid/0005:046D:B021.000C/input/input42
Mar 27 21:00:59 tobian kernel: [16162.434880] hid-generic 0005:046D:B021.000C: input,hidraw0: BLUETOOTH HID v0.07 Mouse [Logitech Pebble] on 20:79:18:bc:fd:a8
Mar 27 21:07:54 tobian kernel: [16578.039552] wlp3s0: disconnect from AP 98:9b:cb:47:30:d2 for new auth to 98:9b:cb:47:30:d3
Mar 27 21:07:54 tobian kernel: [16578.050966] wlp3s0: authenticate with 98:9b:cb:47:30:d3
Mar 27 21:07:54 tobian kernel: [16578.063129] wlp3s0: send auth to 98:9b:cb:47:30:d3 (try 1/3)
Mar 27 21:07:54 tobian kernel: [16578.073564] wlp3s0: authenticated
Mar 27 21:07:54 tobian kernel: [16578.081079] wlp3s0: associate with 98:9b:cb:47:30:d3 (try 1/3)
Mar 27 21:07:54 tobian kernel: [16578.084019] wlp3s0: RX ReassocResp from 98:9b:cb:47:30:d3 (capab=0x1511 status=0 aid=3)
Mar 27 21:07:54 tobian kernel: [16578.086546] wlp3s0: associated
Mar 27 22:35:06 tobian kernel: [21809.578889] kauditd_printk_skb: 12 callbacks suppressed
Mar 27 22:35:06 tobian kernel: [21809.578893] audit: type=1400 audit(1648413306.682:24): apparmor="DENIED" operation="signal" profile="/usr/bin/akonadiserver" pid=3487 comm="akonadiserver" requested_mask="send" denied_mask="send" signal=term peer="unconfined"
Mar 27 22:35:09 tobian kernel: [21812.582345] audit: type=1400 audit(1648413309.682:25): apparmor="DENIED" operation="signal" profile="/usr/bin/akonadiserver" pid=3487 comm="akonadiserver" requested_mask="send" denied_mask="send" signal=kill peer="unconfined"
Mar 27 22:35:16 tobian kernel: [21819.722137] mysqld[3742]: segfault at 28 ip 0000561f5c443ed4 sp 00007f8ec2d35b70 error 4 in mariadbd[561f5c0da000+8f0000]
Mar 27 22:35:16 tobian kernel: [21819.722154] Code: 0b fc 89 74 0a fc e9 fb fc ff ff 66 66 2e 0f 1f 84 00 00 00 00 00 55 48 89 e5 41 55 41 54 53 48 83 ec 38 48 8b 1d 84 a1 d9 00 <80> 7b 28 00 4c 8d 63 48 0f 84 7e 00 00 00 48 8b 73 70 48 85 f6 0f
Mar 27 22:35:16 tobian kernel: [21819.744404] wlp3s0: deauthenticating from 98:9b:cb:47:30:d3 by local choice (Reason: 3=DEAUTH_LEAVING)
Mar 27 22:35:18 tobian kernel: [21821.790805] pcieport 0000:00:1d.0: Intel SPT PCH root port ACS workaround enabled
Mar 28 20:35:01 tobian kernel: [    0.000000] microcode: microcode updated early to revision 0xec, date = 2021-04-28
Mar 28 20:35:01 tobian kernel: [    0.000000] Linux version 5.10.0-13-amd64 (debian-kernel@lists.debian.org) (gcc-10 (Debian 10.2.1-6) 10.2.1 20210110, GNU ld (GNU Binutils for Debian) 2.35.2) #1 SMP Debian 5.10.106-1 (2022-03-17)
Mar 28 20:35:01 tobian kernel: [    0.000000] Command line: BOOT_IMAGE=/vmlinuz-5.10.0-13-amd64 root=/dev/mapper/vg1-lv--root ro quiet splash
Mar 28 20:35:01 tobian kernel: [    0.000000] x86/fpu: Supporting XSAVE feature 0x001: 'x87 floating point registers'
Mar 28 20:35:01 tobian kernel: [    0.000000] x86/fpu: Supporting XSAVE feature 0x002: 'SSE registers'
Mar 28 20:35:01 tobian kernel: [    0.000000] x86/fpu: Supporting XSAVE feature 0x004: 'AVX registers'
Mar 28 20:35:01 tobian kernel: [    0.000000] x86/fpu: Supporting XSAVE feature 0x008: 'MPX bounds registers'
Mar 28 20:35:01 tobian kernel: [    0.000000] x86/fpu: Supporting XSAVE feature 0x010: 'MPX CSR'
Mar 28 20:35:01 tobian kernel: [    0.000000] x86/fpu: xstate_offset[2]:  576, xstate_sizes[2]:  256
Mar 28 20:35:01 tobian kernel: [    0.000000] x86/fpu: xstate_offset[3]:  832, xstate_sizes[3]:   64
Mar 28 20:35:01 tobian kernel: [    0.000000] x86/fpu: xstate_offset[4]:  896, xstate_sizes[4]:   64
Mar 28 20:35:01 tobian kernel: [    0.000000] x86/fpu: Enabled xstate features 0x1f, context size is 960 bytes, using 'compacted' format.
Mar 28 20:35:01 tobian kernel: [    0.000000] BIOS-provided physical RAM map:
Mar 28 20:35:01 tobian kernel: [    0.000000] BIOS-e820: [mem 0x0000000000000000-0x0000000000057fff] usable
Mar 28 20:35:01 tobian kernel: [    0.000000] BIOS-e820: [mem 0x0000000000058000-0x0000000000058fff] reserved
Mar 28 20:35:01 tobian kernel: [    0.000000] BIOS-e820: [mem 0x0000000000059000-0x000000000009cfff] usable
Mar 28 20:35:01 tobian kernel: [    0.000000] BIOS-e820: [mem 0x000000000009d000-0x00000000000fffff] reserved
Mar 28 20:35:01 tobian kernel: [    0.000000] BIOS-e820: [mem 0x0000000000100000-0x000000003fffffff] usable
Mar 28 20:35:01 tobian kernel: [    0.000000] BIOS-e820: [mem 0x0000000040000000-0x00000000403fffff] reserved
Mar 28 20:35:01 tobian kernel: [    0.000000] BIOS-e820: [mem 0x0000000040400000-0x0000000075478fff] usable
Mar 28 20:35:01 tobian kernel: [    0.000000] BIOS-e820: [mem 0x0000000075479000-0x0000000075479fff] ACPI NVS
Mar 28 20:35:01 tobian kernel: [    0.000000] BIOS-e820: [mem 0x000000007547a000-0x000000007547afff] reserved
Mar 28 20:35:01 tobian kernel: [    0.000000] BIOS-e820: [mem 0x000000007547b000-0x000000007eddffff] usable
Mar 28 20:35:01 tobian kernel: [    0.000000] BIOS-e820: [mem 0x000000007ede0000-0x000000007eea5fff] type 20
Mar 28 20:35:01 tobian kernel: [    0.000000] BIOS-e820: [mem 0x000000007eea6000-0x000000007ff2cfff] reserved
Mar 28 20:35:01 tobian kernel: [    0.000000] BIOS-e820: [mem 0x000000007ff2d000-0x000000007ff99fff] ACPI NVS
Mar 28 20:35:01 tobian kernel: [    0.000000] BIOS-e820: [mem 0x000000007ff9a000-0x000000007fffefff] ACPI data
Mar 28 20:35:01 tobian kernel: [    0.000000] BIOS-e820: [mem 0x000000007ffff000-0x000000007fffffff] usable
Mar 28 20:35:01 tobian kernel: [    0.000000] BIOS-e820: [mem 0x0000000080000000-0x0000000087ffffff] reserved
Mar 28 20:35:01 tobian kernel: [    0.000000] BIOS-e820: [mem 0x0000000088600000-0x000000008c7fffff] reserved
Mar 28 20:35:01 tobian kernel: [    0.000000] BIOS-e820: [mem 0x00000000f8000000-0x00000000fbffffff] reserved
Mar 28 20:35:01 tobian kernel: [    0.000000] BIOS-e820: [mem 0x00000000fe010000-0x00000000fe010fff] reserved
Mar 28 20:35:01 tobian kernel: [    0.000000] BIOS-e820: [mem 0x0000000100000000-0x00000004727fffff] usable
Mar 28 20:35:01 tobian kernel: [    0.000000] NX (Execute Disable) protection: active
Mar 28 20:35:01 tobian kernel: [    0.000000] efi: EFI v2.50 by Lenovo
Mar 28 20:35:01 tobian kernel: [    0.000000] efi: TPMFinalLog=0x7ff92000 SMBIOS=0x7f06b000 SMBIOS 3.0=0x7f068000 ACPI=0x7fffe000 ACPI 2.0=0x7fffe014 ESRT=0x7eef5000 MEMATTR=0x79840018 MOKvar=0x79838000 
Mar 28 20:35:01 tobian kernel: [    0.000000] secureboot: Secure boot could not be determined (mode 0)
Mar 28 20:35:01 tobian kernel: [    0.000000] SMBIOS 3.0.0 present.
Mar 28 20:35:01 tobian kernel: [    0.000000] DMI: LENOVO 20L50004MZ/20L50004MZ, BIOS N24ET65W (1.40 ) 08/10/2021
Mar 28 20:35:01 tobian kernel: [    0.000000] tsc: Detected 2000.000 MHz processor
Mar 28 20:35:01 tobian kernel: [    0.000000] tsc: Detected 1999.968 MHz TSC
Mar 28 20:35:01 tobian kernel: [    0.001154] last_pfn = 0x472800 max_arch_pfn = 0x400000000
Mar 28 20:35:01 tobian kernel: [    0.001891] x86/PAT: Configuration [0-7]: WB  WC  UC- UC  WB  WP  UC- WT  
Mar 28 20:35:01 tobian kernel: [    0.002404] last_pfn = 0x80000 max_arch_pfn = 0x400000000
Mar 28 20:35:01 tobian kernel: [    0.019606] esrt: Reserving ESRT space from 0x000000007eef5000 to 0x000000007eef50d8.
Mar 28 20:35:01 tobian kernel: [    0.019636] Using GB pages for direct mapping
Mar 28 20:35:01 tobian kernel: [    0.020131] RAMDISK: [mem 0x2f827000-0x33c0afff]
Mar 28 20:35:01 tobian kernel: [    0.020136] ACPI: Early table checksum verification disabled
Mar 28 20:35:01 tobian kernel: [    0.020140] ACPI: RSDP 0x000000007FFFE014 000024 (v02 LENOVO)
Mar 28 20:35:01 tobian kernel: [    0.020146] ACPI: XSDT 0x000000007FFBB188 00012C (v01 LENOVO TP-N24   00001400 PTEC 00000002)
Mar 28 20:35:01 tobian kernel: [    0.020167] ACPI: FACP 0x000000007FFF0000 0000F4 (v05 LENOVO TP-N24   00001400 PTEC 00000002)
Mar 28 20:35:01 tobian kernel: [    0.020174] ACPI: DSDT 0x000000007FFC9000 022607 (v02 LENOVO SKL      00000000 INTL 20160527)
Mar 28 20:35:01 tobian kernel: [    0.020179] ACPI: FACS 0x000000007FF3E000 000040
Mar 28 20:35:01 tobian kernel: [    0.020183] ACPI: SSDT 0x000000007FFF8000 00432B (v02 LENOVO DptfTabl 00001000 INTL 20160527)
Mar 28 20:35:01 tobian kernel: [    0.020187] ACPI: SSDT 0x000000007FFF7000 0003DB (v02 LENOVO Tpm2Tabl 00001000 INTL 20160527)
Mar 28 20:35:01 tobian kernel: [    0.020192] ACPI: TPM2 0x000000007FFF6000 000034 (v03 LENOVO TP-N24   00001400 PTEC 00000002)
Mar 28 20:35:01 tobian kernel: [    0.020196] ACPI: UEFI 0x000000007FF53000 000042 (v01 LENOVO TP-N24   00001400 PTEC 00000002)
Mar 28 20:35:01 tobian kernel: [    0.020200] ACPI: SSDT 0x000000007FFF2000 0030E4 (v02 LENOVO SaSsdt   00003000 INTL 20160527)
Mar 28 20:35:01 tobian kernel: [    0.020205] ACPI: SSDT 0x000000007FFF1000 0005C6 (v02 LENOVO PerfTune 00001000 INTL 20160527)
Mar 28 20:35:01 tobian kernel: [    0.020209] ACPI: HPET 0x000000007FFEF000 000038 (v01 LENOVO TP-N24   00001400 PTEC 00000002)
Mar 28 20:35:01 tobian kernel: [    0.020213] ACPI: APIC 0x000000007FFEE000 00012C (v03 LENOVO TP-N24   00001400 PTEC 00000002)
Mar 28 20:35:01 tobian kernel: [    0.020218] ACPI: MCFG 0x000000007FFED000 00003C (v01 LENOVO TP-N24   00001400 PTEC 00000002)
Mar 28 20:35:01 tobian kernel: [    0.020222] ACPI: ECDT 0x000000007FFEC000 000053 (v01 LENOVO TP-N24   00001400 PTEC 00000002)
Mar 28 20:35:01 tobian kernel: [    0.020226] ACPI: SSDT 0x000000007FFC7000 001CA3 (v02 LENOVO RVP7Rtd3 00001000 INTL 20160527)
Mar 28 20:35:01 tobian kernel: [    0.020230] ACPI: SSDT 0x000000007FFC6000 00021C (v01 LENOVO Rmv_Batt 00001000 INTL 20160527)
Mar 28 20:35:01 tobian kernel: [    0.020235] ACPI: SSDT 0x000000007FFC4000 00163C (v02 LENOVO ProjSsdt 00000010 INTL 20160527)
Mar 28 20:35:01 tobian kernel: [    0.020239] ACPI: BOOT 0x000000007FFC3000 000028 (v01 LENOVO TP-N24   00001400 PTEC 00000002)
Mar 28 20:35:01 tobian kernel: [    0.020243] ACPI: BATB 0x000000007FFC2000 00004A (v02 LENOVO TP-N24   00001400 PTEC 00000002)
Mar 28 20:35:01 tobian kernel: [    0.020248] ACPI: SLIC 0x000000007FFC1000 000176 (v01 LENOVO TP-N24   00001400 PTEC 00000002)
Mar 28 20:35:01 tobian kernel: [    0.020252] ACPI: SSDT 0x000000007FFBF000 0017AE (v02 LENOVO CpuSsdt  00003000 INTL 20160527)
Mar 28 20:35:01 tobian kernel: [    0.020256] ACPI: SSDT 0x000000007FFBE000 00056D (v02 LENOVO CtdpB    00001000 INTL 20160527)
Mar 28 20:35:01 tobian kernel: [    0.020261] ACPI: SSDT 0x000000007FFBD000 000678 (v02 LENOVO UsbCTabl 00001000 INTL 20160527)
Mar 28 20:35:01 tobian kernel: [    0.020265] ACPI: LPIT 0x000000007FFBC000 000094 (v01 LENOVO TP-N24   00001400 PTEC 00000002)
Mar 28 20:35:01 tobian kernel: [    0.020269] ACPI: WSMT 0x000000007FFFD000 000028 (v01 LENOVO TP-N24   00001400 PTEC 00000002)
Mar 28 20:35:01 tobian kernel: [    0.020273] ACPI: SSDT 0x000000007FFBA000 0001D8 (v02 LENOVO HdaDsp   00000000 INTL 20160527)
Mar 28 20:35:01 tobian kernel: [    0.020278] ACPI: SSDT 0x000000007FFB9000 0004FC (v02 LENOVO TbtTypeC 00000000 INTL 20160527)
Mar 28 20:35:01 tobian kernel: [    0.020282] ACPI: SSDT 0x000000007FFB8000 0002D1 (v02 LENOVO Wwan     00000001 INTL 20160527)
Mar 28 20:35:01 tobian kernel: [    0.020287] ACPI: DBGP 0x000000007FFB7000 000034 (v01 LENOVO TP-N24   00001400 PTEC 00000002)
Mar 28 20:35:01 tobian kernel: [    0.020291] ACPI: DBG2 0x000000007FFB6000 000054 (v00 LENOVO TP-N24   00001400 PTEC 00000002)
Mar 28 20:35:01 tobian kernel: [    0.020295] ACPI: MSDM 0x000000007FFB5000 000055 (v03 LENOVO TP-N24   00001400 PTEC 00000002)
Mar 28 20:35:01 tobian kernel: [    0.020299] ACPI: DMAR 0x000000007FFB4000 0000A8 (v01 LENOVO TP-N24   00001400 PTEC 00000002)
Mar 28 20:35:01 tobian kernel: [    0.020304] ACPI: ASF! 0x000000007FFB3000 0000A0 (v32 LENOVO TP-N24   00001400 PTEC 00000002)
Mar 28 20:35:01 tobian kernel: [    0.020308] ACPI: FPDT 0x000000007FFB2000 000044 (v01 LENOVO TP-N24   00001400 PTEC 00000002)
Mar 28 20:35:01 tobian kernel: [    0.020312] ACPI: BGRT 0x000000007FFB1000 000038 (v01 LENOVO TP-N24   00001400 PTEC 00000002)
Mar 28 20:35:01 tobian kernel: [    0.020316] ACPI: UEFI 0x000000007FF3B000 00013E (v01 LENOVO TP-N24   00001400 PTEC 00000002)
Mar 28 20:35:01 tobian kernel: [    0.020321] ACPI: Reserving FACP table memory at [mem 0x7fff0000-0x7fff00f3]
Mar 28 20:35:01 tobian kernel: [    0.020323] ACPI: Reserving DSDT table memory at [mem 0x7ffc9000-0x7ffeb606]
Mar 28 20:35:01 tobian kernel: [    0.020324] ACPI: Reserving FACS table memory at [mem 0x7ff3e000-0x7ff3e03f]
Mar 28 20:35:01 tobian kernel: [    0.020325] ACPI: Reserving SSDT table memory at [mem 0x7fff8000-0x7fffc32a]
Mar 28 20:35:01 tobian kernel: [    0.020326] ACPI: Reserving SSDT table memory at [mem 0x7fff7000-0x7fff73da]
Mar 28 20:35:01 tobian kernel: [    0.020328] ACPI: Reserving TPM2 table memory at [mem 0x7fff6000-0x7fff6033]
Mar 28 20:35:01 tobian kernel: [    0.020329] ACPI: Reserving UEFI table memory at [mem 0x7ff53000-0x7ff53041]
Mar 28 20:35:01 tobian kernel: [    0.020330] ACPI: Reserving SSDT table memory at [mem 0x7fff2000-0x7fff50e3]
Mar 28 20:35:01 tobian kernel: [    0.020332] ACPI: Reserving SSDT table memory at [mem 0x7fff1000-0x7fff15c5]
Mar 28 20:35:01 tobian kernel: [    0.020333] ACPI: Reserving HPET table memory at [mem 0x7ffef000-0x7ffef037]
Mar 28 20:35:01 tobian kernel: [    0.020334] ACPI: Reserving APIC table memory at [mem 0x7ffee000-0x7ffee12b]
Mar 28 20:35:01 tobian kernel: [    0.020336] ACPI: Reserving MCFG table memory at [mem 0x7ffed000-0x7ffed03b]
Mar 28 20:35:01 tobian kernel: [    0.020337] ACPI: Reserving ECDT table memory at [mem 0x7ffec000-0x7ffec052]
Mar 28 20:35:01 tobian kernel: [    0.020338] ACPI: Reserving SSDT table memory at [mem 0x7ffc7000-0x7ffc8ca2]
Mar 28 20:35:01 tobian kernel: [    0.020339] ACPI: Reserving SSDT table memory at [mem 0x7ffc6000-0x7ffc621b]
Mar 28 20:35:01 tobian kernel: [    0.020341] ACPI: Reserving SSDT table memory at [mem 0x7ffc4000-0x7ffc563b]
Mar 28 20:35:01 tobian kernel: [    0.020342] ACPI: Reserving BOOT table memory at [mem 0x7ffc3000-0x7ffc3027]
Mar 28 20:35:01 tobian kernel: [    0.020343] ACPI: Reserving BATB table memory at [mem 0x7ffc2000-0x7ffc2049]
Mar 28 20:35:01 tobian kernel: [    0.020345] ACPI: Reserving SLIC table memory at [mem 0x7ffc1000-0x7ffc1175]
Mar 28 20:35:01 tobian kernel: [    0.020346] ACPI: Reserving SSDT table memory at [mem 0x7ffbf000-0x7ffc07ad]
Mar 28 20:35:01 tobian kernel: [    0.020347] ACPI: Reserving SSDT table memory at [mem 0x7ffbe000-0x7ffbe56c]
Mar 28 20:35:01 tobian kernel: [    0.020349] ACPI: Reserving SSDT table memory at [mem 0x7ffbd000-0x7ffbd677]
Mar 28 20:35:01 tobian kernel: [    0.020350] ACPI: Reserving LPIT table memory at [mem 0x7ffbc000-0x7ffbc093]
Mar 28 20:35:01 tobian kernel: [    0.020351] ACPI: Reserving WSMT table memory at [mem 0x7fffd000-0x7fffd027]
Mar 28 20:35:01 tobian kernel: [    0.020353] ACPI: Reserving SSDT table memory at [mem 0x7ffba000-0x7ffba1d7]
Mar 28 20:35:01 tobian kernel: [    0.020354] ACPI: Reserving SSDT table memory at [mem 0x7ffb9000-0x7ffb94fb]
Mar 28 20:35:01 tobian kernel: [    0.020355] ACPI: Reserving SSDT table memory at [mem 0x7ffb8000-0x7ffb82d0]
Mar 28 20:35:01 tobian kernel: [    0.020357] ACPI: Reserving DBGP table memory at [mem 0x7ffb7000-0x7ffb7033]
Mar 28 20:35:01 tobian kernel: [    0.020358] ACPI: Reserving DBG2 table memory at [mem 0x7ffb6000-0x7ffb6053]
Mar 28 20:35:01 tobian kernel: [    0.020360] ACPI: Reserving MSDM table memory at [mem 0x7ffb5000-0x7ffb5054]
Mar 28 20:35:01 tobian kernel: [    0.020361] ACPI: Reserving DMAR table memory at [mem 0x7ffb4000-0x7ffb40a7]
Mar 28 20:35:01 tobian kernel: [    0.020362] ACPI: Reserving ASF! table memory at [mem 0x7ffb3000-0x7ffb309f]
Mar 28 20:35:01 tobian kernel: [    0.020364] ACPI: Reserving FPDT table memory at [mem 0x7ffb2000-0x7ffb2043]
Mar 28 20:35:01 tobian kernel: [    0.020365] ACPI: Reserving BGRT table memory at [mem 0x7ffb1000-0x7ffb1037]
Mar 28 20:35:01 tobian kernel: [    0.020366] ACPI: Reserving UEFI table memory at [mem 0x7ff3b000-0x7ff3b13d]
Mar 28 20:35:01 tobian kernel: [    0.020484] No NUMA configuration found
Mar 28 20:35:01 tobian kernel: [    0.020486] Faking a node at [mem 0x0000000000000000-0x00000004727fffff]
Mar 28 20:35:01 tobian kernel: [    0.020502] NODE_DATA(0) allocated [mem 0x4727d6000-0x4727fffff]
Mar 28 20:35:01 tobian kernel: [    0.021043] Zone ranges:
Mar 28 20:35:01 tobian kernel: [    0.021044]   DMA      [mem 0x0000000000001000-0x0000000000ffffff]
Mar 28 20:35:01 tobian kernel: [    0.021047]   DMA32    [mem 0x0000000001000000-0x00000000ffffffff]
Mar 28 20:35:01 tobian kernel: [    0.021049]   Normal   [mem 0x0000000100000000-0x00000004727fffff]
Mar 28 20:35:01 tobian kernel: [    0.021051]   Device   empty
Mar 28 20:35:01 tobian kernel: [    0.021052] Movable zone start for each node
Mar 28 20:35:01 tobian kernel: [    0.021057] Early memory node ranges
Mar 28 20:35:01 tobian kernel: [    0.021058]   node   0: [mem 0x0000000000001000-0x0000000000057fff]
Mar 28 20:35:01 tobian kernel: [    0.021060]   node   0: [mem 0x0000000000059000-0x000000000009cfff]
Mar 28 20:35:01 tobian kernel: [    0.021061]   node   0: [mem 0x0000000000100000-0x000000003fffffff]
Mar 28 20:35:01 tobian kernel: [    0.021062]   node   0: [mem 0x0000000040400000-0x0000000075478fff]
Mar 28 20:35:01 tobian kernel: [    0.021063]   node   0: [mem 0x000000007547b000-0x000000007eddffff]
Mar 28 20:35:01 tobian kernel: [    0.021064]   node   0: [mem 0x000000007ffff000-0x000000007fffffff]
Mar 28 20:35:01 tobian kernel: [    0.021066]   node   0: [mem 0x0000000100000000-0x00000004727fffff]
Mar 28 20:35:01 tobian kernel: [    0.021069] Initmem setup node 0 [mem 0x0000000000001000-0x00000004727fffff]
Mar 28 20:35:01 tobian kernel: [    0.021092] On node 0, zone DMA: 1 pages in unavailable ranges
Mar 28 20:35:01 tobian kernel: [    0.021094] On node 0, zone DMA: 1 pages in unavailable ranges
Mar 28 20:35:01 tobian kernel: [    0.021135] On node 0, zone DMA: 99 pages in unavailable ranges
Mar 28 20:35:01 tobian kernel: [    0.026198] On node 0, zone DMA32: 1024 pages in unavailable ranges
Mar 28 20:35:01 tobian kernel: [    0.026623] On node 0, zone DMA32: 2 pages in unavailable ranges
Mar 28 20:35:01 tobian kernel: [    0.026693] On node 0, zone DMA32: 4639 pages in unavailable ranges
Mar 28 20:35:01 tobian kernel: [    0.027436] On node 0, zone Normal: 22528 pages in unavailable ranges
Mar 28 20:35:01 tobian kernel: [    0.027449] Reserving Intel graphics memory at [mem 0x8a800000-0x8c7fffff]
Mar 28 20:35:01 tobian kernel: [    0.027808] ACPI: PM-Timer IO Port: 0x1808
Mar 28 20:35:01 tobian kernel: [    0.027826] ACPI: LAPIC_NMI (acpi_id[0x01] high edge lint[0x1])
Mar 28 20:35:01 tobian kernel: [    0.027827] ACPI: LAPIC_NMI (acpi_id[0x02] high edge lint[0x1])
Mar 28 20:35:01 tobian kernel: [    0.027828] ACPI: LAPIC_NMI (acpi_id[0x03] high edge lint[0x1])
Mar 28 20:35:01 tobian kernel: [    0.027829] ACPI: LAPIC_NMI (acpi_id[0x04] high edge lint[0x1])
Mar 28 20:35:01 tobian kernel: [    0.027830] ACPI: LAPIC_NMI (acpi_id[0x05] high edge lint[0x1])
Mar 28 20:35:01 tobian kernel: [    0.027831] ACPI: LAPIC_NMI (acpi_id[0x06] high edge lint[0x1])
Mar 28 20:35:01 tobian kernel: [    0.027832] ACPI: LAPIC_NMI (acpi_id[0x07] high edge lint[0x1])
Mar 28 20:35:01 tobian kernel: [    0.027833] ACPI: LAPIC_NMI (acpi_id[0x08] high edge lint[0x1])
Mar 28 20:35:01 tobian kernel: [    0.027834] ACPI: LAPIC_NMI (acpi_id[0x09] high edge lint[0x1])
Mar 28 20:35:01 tobian kernel: [    0.027835] ACPI: LAPIC_NMI (acpi_id[0x0a] high edge lint[0x1])
Mar 28 20:35:01 tobian kernel: [    0.027835] ACPI: LAPIC_NMI (acpi_id[0x0b] high edge lint[0x1])
Mar 28 20:35:01 tobian kernel: [    0.027836] ACPI: LAPIC_NMI (acpi_id[0x0c] high edge lint[0x1])
Mar 28 20:35:01 tobian kernel: [    0.027837] ACPI: LAPIC_NMI (acpi_id[0x0d] high edge lint[0x1])
Mar 28 20:35:01 tobian kernel: [    0.027838] ACPI: LAPIC_NMI (acpi_id[0x0e] high edge lint[0x1])
Mar 28 20:35:01 tobian kernel: [    0.027839] ACPI: LAPIC_NMI (acpi_id[0x0f] high edge lint[0x1])
Mar 28 20:35:01 tobian kernel: [    0.027840] ACPI: LAPIC_NMI (acpi_id[0x10] high edge lint[0x1])
Mar 28 20:35:01 tobian kernel: [    0.027868] IOAPIC[0]: apic_id 2, version 32, address 0xfec00000, GSI 0-119
Mar 28 20:35:01 tobian kernel: [    0.027871] ACPI: INT_SRC_OVR (bus 0 bus_irq 0 global_irq 2 dfl dfl)
Mar 28 20:35:01 tobian kernel: [    0.027873] ACPI: INT_SRC_OVR (bus 0 bus_irq 9 global_irq 9 high level)
Mar 28 20:35:01 tobian kernel: [    0.027879] Using ACPI (MADT) for SMP configuration information
Mar 28 20:35:01 tobian kernel: [    0.027881] ACPI: HPET id: 0x8086a201 base: 0xfed00000
Mar 28 20:35:01 tobian kernel: [    0.027903] TSC deadline timer available
Mar 28 20:35:01 tobian kernel: [    0.027905] smpboot: Allowing 8 CPUs, 0 hotplug CPUs
Mar 28 20:35:01 tobian kernel: [    0.027938] PM: hibernation: Registered nosave memory: [mem 0x00000000-0x00000fff]
Mar 28 20:35:01 tobian kernel: [    0.027940] PM: hibernation: Registered nosave memory: [mem 0x00058000-0x00058fff]
Mar 28 20:35:01 tobian kernel: [    0.027943] PM: hibernation: Registered nosave memory: [mem 0x0009d000-0x000fffff]
Mar 28 20:35:01 tobian kernel: [    0.027946] PM: hibernation: Registered nosave memory: [mem 0x40000000-0x403fffff]
Mar 28 20:35:01 tobian kernel: [    0.027948] PM: hibernation: Registered nosave memory: [mem 0x75479000-0x75479fff]
Mar 28 20:35:01 tobian kernel: [    0.027949] PM: hibernation: Registered nosave memory: [mem 0x7547a000-0x7547afff]
Mar 28 20:35:01 tobian kernel: [    0.027952] PM: hibernation: Registered nosave memory: [mem 0x78c31000-0x78cc1fff]
Mar 28 20:35:01 tobian kernel: [    0.027954] PM: hibernation: Registered nosave memory: [mem 0x79838000-0x7983afff]
Mar 28 20:35:01 tobian kernel: [    0.027957] PM: hibernation: Registered nosave memory: [mem 0x7ede0000-0x7eea5fff]
Mar 28 20:35:01 tobian kernel: [    0.027958] PM: hibernation: Registered nosave memory: [mem 0x7eea6000-0x7ff2cfff]
Mar 28 20:35:01 tobian kernel: [    0.027959] PM: hibernation: Registered nosave memory: [mem 0x7ff2d000-0x7ff99fff]
Mar 28 20:35:01 tobian kernel: [    0.027960] PM: hibernation: Registered nosave memory: [mem 0x7ff9a000-0x7fffefff]
Mar 28 20:35:01 tobian kernel: [    0.027963] PM: hibernation: Registered nosave memory: [mem 0x80000000-0x87ffffff]
Mar 28 20:35:01 tobian kernel: [    0.027964] PM: hibernation: Registered nosave memory: [mem 0x88000000-0x885fffff]
Mar 28 20:35:01 tobian kernel: [    0.027965] PM: hibernation: Registered nosave memory: [mem 0x88600000-0x8c7fffff]
Mar 28 20:35:01 tobian kernel: [    0.027966] PM: hibernation: Registered nosave memory: [mem 0x8c800000-0xf7ffffff]
Mar 28 20:35:01 tobian kernel: [    0.027967] PM: hibernation: Registered nosave memory: [mem 0xf8000000-0xfbffffff]
Mar 28 20:35:01 tobian kernel: [    0.027968] PM: hibernation: Registered nosave memory: [mem 0xfc000000-0xfe00ffff]
Mar 28 20:35:01 tobian kernel: [    0.027969] PM: hibernation: Registered nosave memory: [mem 0xfe010000-0xfe010fff]
Mar 28 20:35:01 tobian kernel: [    0.027970] PM: hibernation: Registered nosave memory: [mem 0xfe011000-0xffffffff]
Mar 28 20:35:01 tobian kernel: [    0.027972] [mem 0x8c800000-0xf7ffffff] available for PCI devices
Mar 28 20:35:01 tobian kernel: [    0.027973] Booting paravirtualized kernel on bare hardware
Mar 28 20:35:01 tobian kernel: [    0.027977] clocksource: refined-jiffies: mask: 0xffffffff max_cycles: 0xffffffff, max_idle_ns: 7645519600211568 ns
Mar 28 20:35:01 tobian kernel: [    0.034903] setup_percpu: NR_CPUS:8192 nr_cpumask_bits:8 nr_cpu_ids:8 nr_node_ids:1
Mar 28 20:35:01 tobian kernel: [    0.035171] percpu: Embedded 58 pages/cpu s200536 r8192 d28840 u262144
Mar 28 20:35:01 tobian kernel: [    0.035231] Built 1 zonelists, mobility grouping on.  Total pages: 4068635
Mar 28 20:35:01 tobian kernel: [    0.035232] Policy zone: Normal
Mar 28 20:35:01 tobian kernel: [    0.035234] Kernel command line: BOOT_IMAGE=/vmlinuz-5.10.0-13-amd64 root=/dev/mapper/vg1-lv--root ro quiet splash
Mar 28 20:35:01 tobian kernel: [    0.036599] Dentry cache hash table entries: 2097152 (order: 12, 16777216 bytes, linear)
Mar 28 20:35:01 tobian kernel: [    0.037217] Inode-cache hash table entries: 1048576 (order: 11, 8388608 bytes, linear)
Mar 28 20:35:01 tobian kernel: [    0.037328] mem auto-init: stack:off, heap alloc:on, heap free:off
Mar 28 20:35:01 tobian kernel: [    0.056657] Memory: 2016776K/16532968K available (12295K kernel code, 2545K rwdata, 7568K rodata, 2412K init, 3680K bss, 510152K reserved, 0K cma-reserved)
Mar 28 20:35:01 tobian kernel: [    0.056666] random: get_random_u64 called from __kmem_cache_create+0x2a/0x4d0 with crng_init=0
Mar 28 20:35:01 tobian kernel: [    0.056850] SLUB: HWalign=64, Order=0-3, MinObjects=0, CPUs=8, Nodes=1
Mar 28 20:35:01 tobian kernel: [    0.056870] Kernel/User page tables isolation: enabled
Mar 28 20:35:01 tobian kernel: [    0.056895] ftrace: allocating 36453 entries in 143 pages
Mar 28 20:35:01 tobian kernel: [    0.075023] ftrace: allocated 143 pages with 5 groups
Mar 28 20:35:01 tobian kernel: [    0.075170] rcu: Hierarchical RCU implementation.
Mar 28 20:35:01 tobian kernel: [    0.075172] rcu: 	RCU restricting CPUs from NR_CPUS=8192 to nr_cpu_ids=8.
Mar 28 20:35:01 tobian kernel: [    0.075173] 	Rude variant of Tasks RCU enabled.
Mar 28 20:35:01 tobian kernel: [    0.075174] 	Tracing variant of Tasks RCU enabled.
Mar 28 20:35:01 tobian kernel: [    0.075176] rcu: RCU calculated value of scheduler-enlistment delay is 25 jiffies.
Mar 28 20:35:01 tobian kernel: [    0.075177] rcu: Adjusting geometry for rcu_fanout_leaf=16, nr_cpu_ids=8
Mar 28 20:35:01 tobian kernel: [    0.080579] NR_IRQS: 524544, nr_irqs: 2048, preallocated irqs: 16
Mar 28 20:35:01 tobian kernel: [    0.081192] random: crng done (trusting CPU's manufacturer)
Mar 28 20:35:01 tobian kernel: [    0.081223] Console: colour dummy device 80x25
Mar 28 20:35:01 tobian kernel: [    0.081247] printk: console [tty0] enabled
Mar 28 20:35:01 tobian kernel: [    0.081271] ACPI: Core revision 20200925
Mar 28 20:35:01 tobian kernel: [    0.081639] hpet: HPET dysfunctional in PC10. Force disabled.
Mar 28 20:35:01 tobian kernel: [    0.081640] APIC: Switch to symmetric I/O mode setup
Mar 28 20:35:01 tobian kernel: [    0.081643] DMAR: Host address width 39
Mar 28 20:35:01 tobian kernel: [    0.081644] DMAR: DRHD base: 0x000000fed90000 flags: 0x0
Mar 28 20:35:01 tobian kernel: [    0.081652] DMAR: dmar0: reg_base_addr fed90000 ver 1:0 cap 1c0000c40660462 ecap 19e2ff0505e
Mar 28 20:35:01 tobian kernel: [    0.081654] DMAR: DRHD base: 0x000000fed91000 flags: 0x1
Mar 28 20:35:01 tobian kernel: [    0.081659] DMAR: dmar1: reg_base_addr fed91000 ver 1:0 cap d2008c40660462 ecap f050da
Mar 28 20:35:01 tobian kernel: [    0.081660] DMAR: RMRR base: 0x0000007f47f000 end: 0x0000007f49efff
Mar 28 20:35:01 tobian kernel: [    0.081662] DMAR: RMRR base: 0x0000008a000000 end: 0x0000008c7fffff
Mar 28 20:35:01 tobian kernel: [    0.081665] DMAR-IR: IOAPIC id 2 under DRHD base  0xfed91000 IOMMU 1
Mar 28 20:35:01 tobian kernel: [    0.081666] DMAR-IR: HPET id 0 under DRHD base 0xfed91000
Mar 28 20:35:01 tobian kernel: [    0.081667] DMAR-IR: Queued invalidation will be enabled to support x2apic and Intr-remapping.
Mar 28 20:35:01 tobian kernel: [    0.083290] DMAR-IR: Enabled IRQ remapping in x2apic mode
Mar 28 20:35:01 tobian kernel: [    0.083292] x2apic enabled
Mar 28 20:35:01 tobian kernel: [    0.083314] Switched APIC routing to cluster x2apic.
Mar 28 20:35:01 tobian kernel: [    0.087151] clocksource: tsc-early: mask: 0xffffffffffffffff max_cycles: 0x39a8208cdd2, max_idle_ns: 881590748921 ns
Mar 28 20:35:01 tobian kernel: [    0.087158] Calibrating delay loop (skipped), value calculated using timer frequency.. 3999.93 BogoMIPS (lpj=7999872)
Mar 28 20:35:01 tobian kernel: [    0.087162] pid_max: default: 32768 minimum: 301
Mar 28 20:35:01 tobian kernel: [    0.091106] LSM: Security Framework initializing
Mar 28 20:35:01 tobian kernel: [    0.091122] Yama: disabled by default; enable with sysctl kernel.yama.*
Mar 28 20:35:01 tobian kernel: [    0.091154] AppArmor: AppArmor initialized
Mar 28 20:35:01 tobian kernel: [    0.091154] TOMOYO Linux initialized
Mar 28 20:35:01 tobian kernel: [    0.091154] Mount-cache hash table entries: 32768 (order: 6, 262144 bytes, linear)
Mar 28 20:35:01 tobian kernel: [    0.091154] Mountpoint-cache hash table entries: 32768 (order: 6, 262144 bytes, linear)
Mar 28 20:35:01 tobian kernel: [    0.091154] mce: CPU0: Thermal monitoring enabled (TM1)
Mar 28 20:35:01 tobian kernel: [    0.091154] process: using mwait in idle threads
Mar 28 20:35:01 tobian kernel: [    0.091154] Last level iTLB entries: 4KB 64, 2MB 8, 4MB 8
Mar 28 20:35:01 tobian kernel: [    0.091154] Last level dTLB entries: 4KB 64, 2MB 0, 4MB 0, 1GB 4
Mar 28 20:35:01 tobian kernel: [    0.091154] Spectre V1 : Mitigation: usercopy/swapgs barriers and __user pointer sanitization
Mar 28 20:35:01 tobian kernel: [    0.091154] Spectre V2 : Mitigation: Retpolines
Mar 28 20:35:01 tobian kernel: [    0.091154] Spectre V2 : Spectre v2 / SpectreRSB mitigation: Filling RSB on context switch
Mar 28 20:35:01 tobian kernel: [    0.091154] Spectre V2 : Enabling Restricted Speculation for firmware calls
Mar 28 20:35:01 tobian kernel: [    0.091154] Spectre V2 : mitigation: Enabling conditional Indirect Branch Prediction Barrier
Mar 28 20:35:01 tobian kernel: [    0.091154] Spectre V2 : User space: Mitigation: STIBP via seccomp and prctl
Mar 28 20:35:01 tobian kernel: [    0.091154] Speculative Store Bypass: Mitigation: Speculative Store Bypass disabled via prctl and seccomp
Mar 28 20:35:01 tobian kernel: [    0.091154] SRBDS: Mitigation: Microcode
Mar 28 20:35:01 tobian kernel: [    0.091154] MDS: Mitigation: Clear CPU buffers
Mar 28 20:35:01 tobian kernel: [    0.091154] Freeing SMP alternatives memory: 32K
Mar 28 20:35:01 tobian kernel: [    0.091154] smpboot: CPU0: Intel(R) Core(TM) i7-8550U CPU @ 1.80GHz (family: 0x6, model: 0x8e, stepping: 0xa)
Mar 28 20:35:01 tobian kernel: [    0.091154] Performance Events: PEBS fmt3+, Skylake events, 32-deep LBR, full-width counters, Intel PMU driver.
Mar 28 20:35:01 tobian kernel: [    0.091154] ... version:                4
Mar 28 20:35:01 tobian kernel: [    0.091154] ... bit width:              48
Mar 28 20:35:01 tobian kernel: [    0.091154] ... generic registers:      4
Mar 28 20:35:01 tobian kernel: [    0.091154] ... value mask:             0000ffffffffffff
Mar 28 20:35:01 tobian kernel: [    0.091154] ... max period:             00007fffffffffff
Mar 28 20:35:01 tobian kernel: [    0.091154] ... fixed-purpose events:   3
Mar 28 20:35:01 tobian kernel: [    0.091154] ... event mask:             000000070000000f
Mar 28 20:35:01 tobian kernel: [    0.091154] rcu: Hierarchical SRCU implementation.
Mar 28 20:35:01 tobian kernel: [    0.091154] NMI watchdog: Enabled. Permanently consumes one hw-PMU counter.
Mar 28 20:35:01 tobian kernel: [    0.091154] smp: Bringing up secondary CPUs ...
Mar 28 20:35:01 tobian kernel: [    0.091154] x86: Booting SMP configuration:
Mar 28 20:35:01 tobian kernel: [    0.091154] .... node  #0, CPUs:      #1 #2 #3 #4
Mar 28 20:35:01 tobian kernel: [    0.099449] MDS CPU bug present and SMT on, data leak possible. See https://www.kernel.org/doc/html/latest/admin-guide/hw-vuln/mds.html for more details.
Mar 28 20:35:01 tobian kernel: [    0.099449]  #5 #6 #7
Mar 28 20:35:01 tobian kernel: [    0.105456] smp: Brought up 1 node, 8 CPUs
Mar 28 20:35:01 tobian kernel: [    0.105456] smpboot: Max logical packages: 1
Mar 28 20:35:01 tobian kernel: [    0.105456] smpboot: Total of 8 processors activated (31999.48 BogoMIPS)
Mar 28 20:35:01 tobian kernel: [    0.134872] node 0 deferred pages initialised in 24ms
Mar 28 20:35:01 tobian kernel: [    0.135346] devtmpfs: initialized
Mar 28 20:35:01 tobian kernel: [    0.135346] x86/mm: Memory block size: 128MB
Mar 28 20:35:01 tobian kernel: [    0.136758] PM: Registering ACPI NVS region [mem 0x75479000-0x75479fff] (4096 bytes)
Mar 28 20:35:01 tobian kernel: [    0.136758] PM: Registering ACPI NVS region [mem 0x7ff2d000-0x7ff99fff] (446464 bytes)
Mar 28 20:35:01 tobian kernel: [    0.136758] clocksource: jiffies: mask: 0xffffffff max_cycles: 0xffffffff, max_idle_ns: 7645041785100000 ns
Mar 28 20:35:01 tobian kernel: [    0.136758] futex hash table entries: 2048 (order: 5, 131072 bytes, linear)
Mar 28 20:35:01 tobian kernel: [    0.136758] pinctrl core: initialized pinctrl subsystem
Mar 28 20:35:01 tobian kernel: [    0.136758] NET: Registered protocol family 16
Mar 28 20:35:01 tobian kernel: [    0.136758] audit: initializing netlink subsys (disabled)
Mar 28 20:35:01 tobian kernel: [    0.136758] audit: type=2000 audit(1648492487.048:1): state=initialized audit_enabled=0 res=1
Mar 28 20:35:01 tobian kernel: [    0.136758] thermal_sys: Registered thermal governor 'fair_share'
Mar 28 20:35:01 tobian kernel: [    0.136758] thermal_sys: Registered thermal governor 'bang_bang'
Mar 28 20:35:01 tobian kernel: [    0.136758] thermal_sys: Registered thermal governor 'step_wise'
Mar 28 20:35:01 tobian kernel: [    0.136758] thermal_sys: Registered thermal governor 'user_space'
Mar 28 20:35:01 tobian kernel: [    0.136758] thermal_sys: Registered thermal governor 'power_allocator'
Mar 28 20:35:01 tobian kernel: [    0.136758] cpuidle: using governor ladder
Mar 28 20:35:01 tobian kernel: [    0.136758] cpuidle: using governor menu
Mar 28 20:35:01 tobian kernel: [    0.136758] Simple Boot Flag at 0x47 set to 0x1
Mar 28 20:35:01 tobian kernel: [    0.136758] ACPI FADT declares the system doesn't support PCIe ASPM, so disable it
Mar 28 20:35:01 tobian kernel: [    0.136758] ACPI: bus type PCI registered
Mar 28 20:35:01 tobian kernel: [    0.136758] acpiphp: ACPI Hot Plug PCI Controller Driver version: 0.5
Mar 28 20:35:01 tobian kernel: [    0.136758] PCI: MMCONFIG for domain 0000 [bus 00-3f] at [mem 0xf8000000-0xfbffffff] (base 0xf8000000)
Mar 28 20:35:01 tobian kernel: [    0.136758] PCI: MMCONFIG at [mem 0xf8000000-0xfbffffff] reserved in E820
Mar 28 20:35:01 tobian kernel: [    0.136758] PCI: Using configuration type 1 for base access
Mar 28 20:35:01 tobian kernel: [    0.136758] ENERGY_PERF_BIAS: Set to 'normal', was 'performance'
Mar 28 20:35:01 tobian kernel: [    0.139954] Kprobes globally optimized
Mar 28 20:35:01 tobian kernel: [    0.139959] HugeTLB registered 1.00 GiB page size, pre-allocated 0 pages
Mar 28 20:35:01 tobian kernel: [    0.139959] HugeTLB registered 2.00 MiB page size, pre-allocated 0 pages
Mar 28 20:35:01 tobian kernel: [    0.339520] ACPI: Added _OSI(Module Device)
Mar 28 20:35:01 tobian kernel: [    0.339520] ACPI: Added _OSI(Processor Device)
Mar 28 20:35:01 tobian kernel: [    0.339520] ACPI: Added _OSI(3.0 _SCP Extensions)
Mar 28 20:35:01 tobian kernel: [    0.339520] ACPI: Added _OSI(Processor Aggregator Device)
Mar 28 20:35:01 tobian kernel: [    0.339520] ACPI: Added _OSI(Linux-Dell-Video)
Mar 28 20:35:01 tobian kernel: [    0.339520] ACPI: Added _OSI(Linux-Lenovo-NV-HDMI-Audio)
Mar 28 20:35:01 tobian kernel: [    0.339520] ACPI: Added _OSI(Linux-HPI-Hybrid-Graphics)
Mar 28 20:35:01 tobian kernel: [    0.410174] ACPI: 14 ACPI AML tables successfully acquired and loaded
Mar 28 20:35:01 tobian kernel: [    0.411938] ACPI: EC: EC started
Mar 28 20:35:01 tobian kernel: [    0.411939] ACPI: EC: interrupt blocked
Mar 28 20:35:01 tobian kernel: [    0.414449] ACPI: EC: EC_CMD/EC_SC=0x66, EC_DATA=0x62
Mar 28 20:35:01 tobian kernel: [    0.414450] ACPI: EC: Boot ECDT EC used to handle transactions
Mar 28 20:35:01 tobian kernel: [    0.416608] ACPI: [Firmware Bug]: BIOS _OSI(Linux) query ignored
Mar 28 20:35:01 tobian kernel: [    0.492424] ACPI: Dynamic OEM Table Load:
Mar 28 20:35:01 tobian kernel: [    0.492443] ACPI: SSDT 0xFFFF8952C0C4F000 0005CD (v02 PmRef  Cpu0Ist  00003000 INTL 20160527)
Mar 28 20:35:01 tobian kernel: [    0.494359] ACPI: \_PR_.PR00: _OSC native thermal LVT Acked
Mar 28 20:35:01 tobian kernel: [    0.495904] ACPI: Dynamic OEM Table Load:
Mar 28 20:35:01 tobian kernel: [    0.495917] ACPI: SSDT 0xFFFF8952C0E2E000 0003FF (v02 PmRef  Cpu0Cst  00003001 INTL 20160527)
Mar 28 20:35:01 tobian kernel: [    0.497830] ACPI: Dynamic OEM Table Load:
Mar 28 20:35:01 tobian kernel: [    0.497840] ACPI: SSDT 0xFFFF8954E13FC840 0000BA (v02 PmRef  Cpu0Hwp  00003000 INTL 20160527)
Mar 28 20:35:01 tobian kernel: [    0.499613] ACPI: Dynamic OEM Table Load:
Mar 28 20:35:01 tobian kernel: [    0.499624] ACPI: SSDT 0xFFFF8952C0C4D800 000628 (v02 PmRef  HwpLvt   00003000 INTL 20160527)
Mar 28 20:35:01 tobian kernel: [    0.501907] ACPI: Dynamic OEM Table Load:
Mar 28 20:35:01 tobian kernel: [    0.501921] ACPI: SSDT 0xFFFF8952C0C5D000 000D14 (v02 PmRef  ApIst    00003000 INTL 20160527)
Mar 28 20:35:01 tobian kernel: [    0.504695] ACPI: Dynamic OEM Table Load:
Mar 28 20:35:01 tobian kernel: [    0.504705] ACPI: SSDT 0xFFFF8952C0E2F000 000317 (v02 PmRef  ApHwp    00003000 INTL 20160527)
Mar 28 20:35:01 tobian kernel: [    0.506669] ACPI: Dynamic OEM Table Load:
Mar 28 20:35:01 tobian kernel: [    0.506679] ACPI: SSDT 0xFFFF8952C0E29C00 00030A (v02 PmRef  ApCst    00003000 INTL 20160527)
Mar 28 20:35:01 tobian kernel: [    0.512291] ACPI: Interpreter enabled
Mar 28 20:35:01 tobian kernel: [    0.512367] ACPI: (supports S0 S3 S4 S5)
Mar 28 20:35:01 tobian kernel: [    0.512369] ACPI: Using IOAPIC for interrupt routing
Mar 28 20:35:01 tobian kernel: [    0.512422] PCI: Using host bridge windows from ACPI; if necessary, use "pci=nocrs" and report a bug
Mar 28 20:35:01 tobian kernel: [    0.513342] ACPI: Enabled 8 GPEs in block 00 to 7F
Mar 28 20:35:01 tobian kernel: [    0.523401] ACPI: Power Resource [PUBS] (on)
Mar 28 20:35:01 tobian kernel: [    0.523719] acpi PNP0C0A:01: ACPI dock station (docks/bays count: 1)
Mar 28 20:35:01 tobian kernel: [    0.552324] ACPI: Power Resource [WRST] (on)
Mar 28 20:35:01 tobian kernel: [    0.553295] ACPI: Power Resource [PXP] (on)
Mar 28 20:35:01 tobian kernel: [    0.574043] ACPI: PCI Root Bridge [PCI0] (domain 0000 [bus 00-3e])
Mar 28 20:35:01 tobian kernel: [    0.574051] acpi PNP0A08:00: _OSC: OS supports [ExtendedConfig ASPM ClockPM Segments MSI HPX-Type3]
Mar 28 20:35:01 tobian kernel: [    0.576996] acpi PNP0A08:00: _OSC: platform does not support [AER]
Mar 28 20:35:01 tobian kernel: [    0.578621] acpi PNP0A08:00: _OSC: OS now controls [PCIeHotplug SHPCHotplug PME PCIeCapability LTR]
Mar 28 20:35:01 tobian kernel: [    0.578622] acpi PNP0A08:00: FADT indicates ASPM is unsupported, using BIOS configuration
Mar 28 20:35:01 tobian kernel: [    0.581513] PCI host bridge to bus 0000:00
Mar 28 20:35:01 tobian kernel: [    0.581517] pci_bus 0000:00: root bus resource [io  0x0000-0x0cf7 window]
Mar 28 20:35:01 tobian kernel: [    0.581519] pci_bus 0000:00: root bus resource [io  0x0d00-0xffff window]
Mar 28 20:35:01 tobian kernel: [    0.581520] pci_bus 0000:00: root bus resource [mem 0x000a0000-0x000bffff window]
Mar 28 20:35:01 tobian kernel: [    0.581522] pci_bus 0000:00: root bus resource [mem 0x000c0000-0x000c3fff window]
Mar 28 20:35:01 tobian kernel: [    0.581523] pci_bus 0000:00: root bus resource [mem 0x000c4000-0x000c7fff window]
Mar 28 20:35:01 tobian kernel: [    0.581525] pci_bus 0000:00: root bus resource [mem 0x000c8000-0x000cbfff window]
Mar 28 20:35:01 tobian kernel: [    0.581526] pci_bus 0000:00: root bus resource [mem 0x000cc000-0x000cffff window]
Mar 28 20:35:01 tobian kernel: [    0.581528] pci_bus 0000:00: root bus resource [mem 0x000d0000-0x000d3fff window]
Mar 28 20:35:01 tobian kernel: [    0.581529] pci_bus 0000:00: root bus resource [mem 0x000d4000-0x000d7fff window]
Mar 28 20:35:01 tobian kernel: [    0.581530] pci_bus 0000:00: root bus resource [mem 0x000d8000-0x000dbfff window]
Mar 28 20:35:01 tobian kernel: [    0.581532] pci_bus 0000:00: root bus resource [mem 0x000dc000-0x000dffff window]
Mar 28 20:35:01 tobian kernel: [    0.581533] pci_bus 0000:00: root bus resource [mem 0x000e0000-0x000e3fff window]
Mar 28 20:35:01 tobian kernel: [    0.581535] pci_bus 0000:00: root bus resource [mem 0x000e4000-0x000e7fff window]
Mar 28 20:35:01 tobian kernel: [    0.581536] pci_bus 0000:00: root bus resource [mem 0x000e8000-0x000ebfff window]
Mar 28 20:35:01 tobian kernel: [    0.581537] pci_bus 0000:00: root bus resource [mem 0x000ec000-0x000effff window]
Mar 28 20:35:01 tobian kernel: [    0.581539] pci_bus 0000:00: root bus resource [mem 0x000f0000-0x000fffff window]
Mar 28 20:35:01 tobian kernel: [    0.581540] pci_bus 0000:00: root bus resource [mem 0x8c800000-0xf7ffffff window]
Mar 28 20:35:01 tobian kernel: [    0.581542] pci_bus 0000:00: root bus resource [mem 0xfd000000-0xfe7fffff window]
Mar 28 20:35:01 tobian kernel: [    0.581544] pci_bus 0000:00: root bus resource [bus 00-3e]
Mar 28 20:35:01 tobian kernel: [    0.581562] pci 0000:00:00.0: [8086:5914] type 00 class 0x060000
Mar 28 20:35:01 tobian kernel: [    0.582749] pci 0000:00:02.0: [8086:5917] type 00 class 0x030000
Mar 28 20:35:01 tobian kernel: [    0.582763] pci 0000:00:02.0: reg 0x10: [mem 0xe7000000-0xe7ffffff 64bit]
Mar 28 20:35:01 tobian kernel: [    0.582771] pci 0000:00:02.0: reg 0x18: [mem 0xc0000000-0xcfffffff 64bit pref]
Mar 28 20:35:01 tobian kernel: [    0.582777] pci 0000:00:02.0: reg 0x20: [io  0xe000-0xe03f]
Mar 28 20:35:01 tobian kernel: [    0.582801] pci 0000:00:02.0: BAR 2: assigned to efifb
Mar 28 20:35:01 tobian kernel: [    0.584027] pci 0000:00:04.0: [8086:1903] type 00 class 0x118000
Mar 28 20:35:01 tobian kernel: [    0.584041] pci 0000:00:04.0: reg 0x10: [mem 0xe8340000-0xe8347fff 64bit]
Mar 28 20:35:01 tobian kernel: [    0.585341] pci 0000:00:08.0: [8086:1911] type 00 class 0x088000
Mar 28 20:35:01 tobian kernel: [    0.585356] pci 0000:00:08.0: reg 0x10: [mem 0xe8350000-0xe8350fff 64bit]
Mar 28 20:35:01 tobian kernel: [    0.586576] pci 0000:00:14.0: [8086:9d2f] type 00 class 0x0c0330
Mar 28 20:35:01 tobian kernel: [    0.586596] pci 0000:00:14.0: reg 0x10: [mem 0xe8320000-0xe832ffff 64bit]
Mar 28 20:35:01 tobian kernel: [    0.586674] pci 0000:00:14.0: PME# supported from D3hot D3cold
Mar 28 20:35:01 tobian kernel: [    0.588020] pci 0000:00:14.2: [8086:9d31] type 00 class 0x118000
Mar 28 20:35:01 tobian kernel: [    0.588042] pci 0000:00:14.2: reg 0x10: [mem 0xe8351000-0xe8351fff 64bit]
Mar 28 20:35:01 tobian kernel: [    0.589274] pci 0000:00:16.0: [8086:9d3a] type 00 class 0x078000
Mar 28 20:35:01 tobian kernel: [    0.589299] pci 0000:00:16.0: reg 0x10: [mem 0xe8352000-0xe8352fff 64bit]
Mar 28 20:35:01 tobian kernel: [    0.589383] pci 0000:00:16.0: PME# supported from D3hot
Mar 28 20:35:01 tobian kernel: [    0.590657] pci 0000:00:1c.0: [8086:9d10] type 01 class 0x060400
Mar 28 20:35:01 tobian kernel: [    0.591851] pci 0000:00:1c.0: PME# supported from D0 D3hot D3cold
Mar 28 20:35:01 tobian kernel: [    0.592044] pci 0000:00:1c.4: [8086:9d14] type 01 class 0x060400
Mar 28 20:35:01 tobian kernel: [    0.592150] pci 0000:00:1c.4: PME# supported from D0 D3hot D3cold
Mar 28 20:35:01 tobian kernel: [    0.592174] pci 0000:00:1c.4: Intel SPT PCH root port ACS workaround enabled
Mar 28 20:35:01 tobian kernel: [    0.593450] pci 0000:00:1c.6: [8086:9d16] type 01 class 0x060400
Mar 28 20:35:01 tobian kernel: [    0.593557] pci 0000:00:1c.6: PME# supported from D0 D3hot D3cold
Mar 28 20:35:01 tobian kernel: [    0.593580] pci 0000:00:1c.6: Intel SPT PCH root port ACS workaround enabled
Mar 28 20:35:01 tobian kernel: [    0.594832] pci 0000:00:1d.0: [8086:9d18] type 01 class 0x060400
Mar 28 20:35:01 tobian kernel: [    0.596011] pci 0000:00:1d.0: PME# supported from D0 D3hot D3cold
Mar 28 20:35:01 tobian kernel: [    0.596031] pci 0000:00:1d.0: Intel SPT PCH root port ACS workaround enabled
Mar 28 20:35:01 tobian kernel: [    0.596208] pci 0000:00:1d.2: [8086:9d1a] type 01 class 0x060400
Mar 28 20:35:01 tobian kernel: [    0.596299] pci 0000:00:1d.2: PME# supported from D0 D3hot D3cold
Mar 28 20:35:01 tobian kernel: [    0.596321] pci 0000:00:1d.2: Intel SPT PCH root port ACS workaround enabled
Mar 28 20:35:01 tobian kernel: [    0.597601] pci 0000:00:1f.0: [8086:9d4e] type 00 class 0x060100
Mar 28 20:35:01 tobian kernel: [    0.598949] pci 0000:00:1f.2: [8086:9d21] type 00 class 0x058000
Mar 28 20:35:01 tobian kernel: [    0.598964] pci 0000:00:1f.2: reg 0x10: [mem 0xe834c000-0xe834ffff]
Mar 28 20:35:01 tobian kernel: [    0.600255] pci 0000:00:1f.3: [8086:9d71] type 00 class 0x040300
Mar 28 20:35:01 tobian kernel: [    0.600282] pci 0000:00:1f.3: reg 0x10: [mem 0xe8348000-0xe834bfff 64bit]
Mar 28 20:35:01 tobian kernel: [    0.600319] pci 0000:00:1f.3: reg 0x20: [mem 0xe8330000-0xe833ffff 64bit]
Mar 28 20:35:01 tobian kernel: [    0.600379] pci 0000:00:1f.3: PME# supported from D3hot D3cold
Mar 28 20:35:01 tobian kernel: [    0.601675] pci 0000:00:1f.4: [8086:9d23] type 00 class 0x0c0500
Mar 28 20:35:01 tobian kernel: [    0.601727] pci 0000:00:1f.4: reg 0x10: [mem 0xe8353000-0xe83530ff 64bit]
Mar 28 20:35:01 tobian kernel: [    0.601778] pci 0000:00:1f.4: reg 0x20: [io  0xefa0-0xefbf]
Mar 28 20:35:01 tobian kernel: [    0.603073] pci 0000:00:1f.6: [8086:15d8] type 00 class 0x020000
Mar 28 20:35:01 tobian kernel: [    0.603094] pci 0000:00:1f.6: reg 0x10: [mem 0xe8300000-0xe831ffff]
Mar 28 20:35:01 tobian kernel: [    0.603207] pci 0000:00:1f.6: PME# supported from D0 D3hot D3cold
Mar 28 20:35:01 tobian kernel: [    0.604494] pci 0000:00:1c.0: PCI bridge to [bus 01]
Mar 28 20:35:01 tobian kernel: [    0.604848] pci 0000:02:00.0: [1179:0113] type 00 class 0x010802
Mar 28 20:35:01 tobian kernel: [    0.604873] pci 0000:02:00.0: reg 0x10: [mem 0xe8200000-0xe8203fff 64bit]
Mar 28 20:35:01 tobian kernel: [    0.605012] pci 0000:02:00.0: PME# supported from D0 D3hot
Mar 28 20:35:01 tobian kernel: [    0.605158] pci 0000:00:1c.4: PCI bridge to [bus 02]
Mar 28 20:35:01 tobian kernel: [    0.605163] pci 0000:00:1c.4:   bridge window [mem 0xe8200000-0xe82fffff]
Mar 28 20:35:01 tobian kernel: [    0.605614] pci 0000:03:00.0: [8086:24fd] type 00 class 0x028000
Mar 28 20:35:01 tobian kernel: [    0.605701] pci 0000:03:00.0: reg 0x10: [mem 0xe8100000-0xe8101fff 64bit]
Mar 28 20:35:01 tobian kernel: [    0.606333] pci 0000:03:00.0: PME# supported from D0 D3hot D3cold
Mar 28 20:35:01 tobian kernel: [    0.607310] pci 0000:00:1c.6: PCI bridge to [bus 03]
Mar 28 20:35:01 tobian kernel: [    0.607315] pci 0000:00:1c.6:   bridge window [mem 0xe8100000-0xe81fffff]
Mar 28 20:35:01 tobian kernel: [    0.607400] pci 0000:04:00.0: [8086:15c0] type 01 class 0x060400
Mar 28 20:35:01 tobian kernel: [    0.607459] pci 0000:04:00.0: enabling Extended Tags
Mar 28 20:35:01 tobian kernel: [    0.607559] pci 0000:04:00.0: supports D1 D2
Mar 28 20:35:01 tobian kernel: [    0.607561] pci 0000:04:00.0: PME# supported from D0 D1 D2 D3hot D3cold
Mar 28 20:35:01 tobian kernel: [    0.607722] pci 0000:00:1d.0: PCI bridge to [bus 04-3c]
Mar 28 20:35:01 tobian kernel: [    0.607727] pci 0000:00:1d.0:   bridge window [mem 0xd0000000-0xe60fffff]
Mar 28 20:35:01 tobian kernel: [    0.607733] pci 0000:00:1d.0:   bridge window [mem 0x90000000-0xb1ffffff 64bit pref]
Mar 28 20:35:01 tobian kernel: [    0.607816] pci 0000:05:00.0: [8086:15c0] type 01 class 0x060400
Mar 28 20:35:01 tobian kernel: [    0.607878] pci 0000:05:00.0: enabling Extended Tags
Mar 28 20:35:01 tobian kernel: [    0.607979] pci 0000:05:00.0: supports D1 D2
Mar 28 20:35:01 tobian kernel: [    0.607981] pci 0000:05:00.0: PME# supported from D0 D1 D2 D3hot D3cold
Mar 28 20:35:01 tobian kernel: [    0.608116] pci 0000:05:01.0: [8086:15c0] type 01 class 0x060400
Mar 28 20:35:01 tobian kernel: [    0.608178] pci 0000:05:01.0: enabling Extended Tags
Mar 28 20:35:01 tobian kernel: [    0.608282] pci 0000:05:01.0: supports D1 D2
Mar 28 20:35:01 tobian kernel: [    0.608283] pci 0000:05:01.0: PME# supported from D0 D1 D2 D3hot D3cold
Mar 28 20:35:01 tobian kernel: [    0.608413] pci 0000:05:02.0: [8086:15c0] type 01 class 0x060400
Mar 28 20:35:01 tobian kernel: [    0.608475] pci 0000:05:02.0: enabling Extended Tags
Mar 28 20:35:01 tobian kernel: [    0.608574] pci 0000:05:02.0: supports D1 D2
Mar 28 20:35:01 tobian kernel: [    0.608576] pci 0000:05:02.0: PME# supported from D0 D1 D2 D3hot D3cold
Mar 28 20:35:01 tobian kernel: [    0.608737] pci 0000:04:00.0: PCI bridge to [bus 05-3c]
Mar 28 20:35:01 tobian kernel: [    0.608747] pci 0000:04:00.0:   bridge window [mem 0xd0000000-0xe60fffff]
Mar 28 20:35:01 tobian kernel: [    0.608754] pci 0000:04:00.0:   bridge window [mem 0x90000000-0xb1ffffff 64bit pref]
Mar 28 20:35:01 tobian kernel: [    0.608829] pci 0000:06:00.0: [8086:15bf] type 00 class 0x088000
Mar 28 20:35:01 tobian kernel: [    0.608852] pci 0000:06:00.0: reg 0x10: [mem 0xe6000000-0xe603ffff]
Mar 28 20:35:01 tobian kernel: [    0.608865] pci 0000:06:00.0: reg 0x14: [mem 0xe6040000-0xe6040fff]
Mar 28 20:35:01 tobian kernel: [    0.608932] pci 0000:06:00.0: enabling Extended Tags
Mar 28 20:35:01 tobian kernel: [    0.609052] pci 0000:06:00.0: supports D1 D2
Mar 28 20:35:01 tobian kernel: [    0.609053] pci 0000:06:00.0: PME# supported from D0 D1 D2 D3hot D3cold
Mar 28 20:35:01 tobian kernel: [    0.609201] pci 0000:05:00.0: PCI bridge to [bus 06]
Mar 28 20:35:01 tobian kernel: [    0.609211] pci 0000:05:00.0:   bridge window [mem 0xe6000000-0xe60fffff]
Mar 28 20:35:01 tobian kernel: [    0.609267] pci 0000:05:01.0: PCI bridge to [bus 07-3b]
Mar 28 20:35:01 tobian kernel: [    0.609277] pci 0000:05:01.0:   bridge window [mem 0xd0000000-0xe5efffff]
Mar 28 20:35:01 tobian kernel: [    0.609284] pci 0000:05:01.0:   bridge window [mem 0x90000000-0xb1ffffff 64bit pref]
Mar 28 20:35:01 tobian kernel: [    0.609373] pci 0000:3c:00.0: [8086:15c1] type 00 class 0x0c0330
Mar 28 20:35:01 tobian kernel: [    0.609398] pci 0000:3c:00.0: reg 0x10: [mem 0xe5f00000-0xe5f0ffff]
Mar 28 20:35:01 tobian kernel: [    0.609482] pci 0000:3c:00.0: enabling Extended Tags
Mar 28 20:35:01 tobian kernel: [    0.609608] pci 0000:3c:00.0: supports D1 D2
Mar 28 20:35:01 tobian kernel: [    0.609609] pci 0000:3c:00.0: PME# supported from D0 D1 D2 D3hot D3cold
Mar 28 20:35:01 tobian kernel: [    0.609703] pci 0000:3c:00.0: 8.000 Gb/s available PCIe bandwidth, limited by 2.5 GT/s PCIe x4 link at 0000:05:02.0 (capable of 31.504 Gb/s with 8.0 GT/s PCIe x4 link)
Mar 28 20:35:01 tobian kernel: [    0.609793] pci 0000:05:02.0: PCI bridge to [bus 3c]
Mar 28 20:35:01 tobian kernel: [    0.609803] pci 0000:05:02.0:   bridge window [mem 0xe5f00000-0xe5ffffff]
Mar 28 20:35:01 tobian kernel: [    0.610117] pci 0000:3d:00.0: [17aa:0005] type 00 class 0x010802
Mar 28 20:35:01 tobian kernel: [    0.610140] pci 0000:3d:00.0: reg 0x10: [mem 0xe8000000-0xe8003fff 64bit]
Mar 28 20:35:01 tobian kernel: [    0.610331] pci 0000:3d:00.0: 15.752 Gb/s available PCIe bandwidth, limited by 8.0 GT/s PCIe x2 link at 0000:00:1d.2 (capable of 31.504 Gb/s with 8.0 GT/s PCIe x4 link)
Mar 28 20:35:01 tobian kernel: [    0.610521] pci 0000:00:1d.2: PCI bridge to [bus 3d]
Mar 28 20:35:01 tobian kernel: [    0.610526] pci 0000:00:1d.2:   bridge window [mem 0xe8000000-0xe80fffff]
Mar 28 20:35:01 tobian kernel: [    0.613848] ACPI: PCI Interrupt Link [LNKA] (IRQs 3 4 5 6 10 *11 12 14 15)
Mar 28 20:35:01 tobian kernel: [    0.613919] ACPI: PCI Interrupt Link [LNKB] (IRQs 3 4 5 6 *10 11 12 14 15)
Mar 28 20:35:01 tobian kernel: [    0.613986] ACPI: PCI Interrupt Link [LNKC] (IRQs 3 4 5 6 10 *11 12 14 15)
Mar 28 20:35:01 tobian kernel: [    0.614052] ACPI: PCI Interrupt Link [LNKD] (IRQs 3 4 5 6 10 *11 12 14 15)
Mar 28 20:35:01 tobian kernel: [    0.614118] ACPI: PCI Interrupt Link [LNKE] (IRQs 3 4 5 6 10 *11 12 14 15)
Mar 28 20:35:01 tobian kernel: [    0.614184] ACPI: PCI Interrupt Link [LNKF] (IRQs 3 4 5 6 10 *11 12 14 15)
Mar 28 20:35:01 tobian kernel: [    0.614251] ACPI: PCI Interrupt Link [LNKG] (IRQs 3 4 5 6 10 *11 12 14 15)
Mar 28 20:35:01 tobian kernel: [    0.614317] ACPI: PCI Interrupt Link [LNKH] (IRQs 3 4 5 6 10 *11 12 14 15)
Mar 28 20:35:01 tobian kernel: [    0.615275] ACPI: EC: interrupt unblocked
Mar 28 20:35:01 tobian kernel: [    0.615277] ACPI: EC: event unblocked
Mar 28 20:35:01 tobian kernel: [    0.615291] ACPI: EC: EC_CMD/EC_SC=0x66, EC_DATA=0x62
Mar 28 20:35:01 tobian kernel: [    0.615292] ACPI: EC: GPE=0x16
Mar 28 20:35:01 tobian kernel: [    0.615294] ACPI: \_SB_.PCI0.LPCB.EC__: Boot ECDT EC initialization complete
Mar 28 20:35:01 tobian kernel: [    0.615296] ACPI: \_SB_.PCI0.LPCB.EC__: EC: Used to handle transactions and events
Mar 28 20:35:01 tobian kernel: [    0.615393] iommu: Default domain type: Translated 
Mar 28 20:35:01 tobian kernel: [    0.619177] pci 0000:00:02.0: vgaarb: VGA device added: decodes=io+mem,owns=mem,locks=none
Mar 28 20:35:01 tobian kernel: [    0.619177] pci 0000:00:02.0: vgaarb: bridge control possible
Mar 28 20:35:01 tobian kernel: [    0.619177] pci 0000:00:02.0: vgaarb: setting as boot device
Mar 28 20:35:01 tobian kernel: [    0.619177] vgaarb: loaded
Mar 28 20:35:01 tobian kernel: [    0.619269] EDAC MC: Ver: 3.0.0
Mar 28 20:35:01 tobian kernel: [    0.619909] Registered efivars operations
Mar 28 20:35:01 tobian kernel: [    0.619909] NetLabel: Initializing
Mar 28 20:35:01 tobian kernel: [    0.619909] NetLabel:  domain hash size = 128
Mar 28 20:35:01 tobian kernel: [    0.619909] NetLabel:  protocols = UNLABELED CIPSOv4 CALIPSO
Mar 28 20:35:01 tobian kernel: [    0.619909] NetLabel:  unlabeled traffic allowed by default
Mar 28 20:35:01 tobian kernel: [    0.619909] PCI: Using ACPI for IRQ routing
Mar 28 20:35:01 tobian kernel: [    0.623158] clocksource: Switched to clocksource tsc-early
Mar 28 20:35:01 tobian kernel: [    0.635989] VFS: Disk quotas dquot_6.6.0
Mar 28 20:35:01 tobian kernel: [    0.636007] VFS: Dquot-cache hash table entries: 512 (order 0, 4096 bytes)
Mar 28 20:35:01 tobian kernel: [    0.636155] AppArmor: AppArmor Filesystem Enabled
Mar 28 20:35:01 tobian kernel: [    0.636175] pnp: PnP ACPI init
Mar 28 20:35:01 tobian kernel: [    0.636313] system 00:00: [mem 0x40000000-0x403fffff] has been reserved
Mar 28 20:35:01 tobian kernel: [    0.636510] system 00:01: [mem 0xfd000000-0xfdabffff] has been reserved
Mar 28 20:35:01 tobian kernel: [    0.636512] system 00:01: [mem 0xfdad0000-0xfdadffff] has been reserved
Mar 28 20:35:01 tobian kernel: [    0.636514] system 00:01: [mem 0xfdb00000-0xfdffffff] has been reserved
Mar 28 20:35:01 tobian kernel: [    0.636516] system 00:01: [mem 0xfe000000-0xfe01ffff] could not be reserved
Mar 28 20:35:01 tobian kernel: [    0.636518] system 00:01: [mem 0xfe036000-0xfe03bfff] has been reserved
Mar 28 20:35:01 tobian kernel: [    0.636520] system 00:01: [mem 0xfe03d000-0xfe3fffff] has been reserved
Mar 28 20:35:01 tobian kernel: [    0.636521] system 00:01: [mem 0xfe410000-0xfe7fffff] has been reserved
Mar 28 20:35:01 tobian kernel: [    0.636974] system 00:02: [io  0xff00-0xfffe] has been reserved
Mar 28 20:35:01 tobian kernel: [    0.637996] system 00:03: [io  0x0680-0x069f] has been reserved
Mar 28 20:35:01 tobian kernel: [    0.637998] system 00:03: [io  0xffff] has been reserved
Mar 28 20:35:01 tobian kernel: [    0.638000] system 00:03: [io  0xffff] has been reserved
Mar 28 20:35:01 tobian kernel: [    0.638001] system 00:03: [io  0xffff] has been reserved
Mar 28 20:35:01 tobian kernel: [    0.638003] system 00:03: [io  0x1800-0x18fe] has been reserved
Mar 28 20:35:01 tobian kernel: [    0.638005] system 00:03: [io  0x164e-0x164f] has been reserved
Mar 28 20:35:01 tobian kernel: [    0.638209] system 00:05: [io  0x1854-0x1857] has been reserved
Mar 28 20:35:01 tobian kernel: [    0.638402] system 00:08: [io  0x1800-0x189f] could not be reserved
Mar 28 20:35:01 tobian kernel: [    0.638405] system 00:08: [io  0x0800-0x087f] has been reserved
Mar 28 20:35:01 tobian kernel: [    0.638406] system 00:08: [io  0x0880-0x08ff] has been reserved
Mar 28 20:35:01 tobian kernel: [    0.638409] system 00:08: [io  0x0900-0x097f] has been reserved
Mar 28 20:35:01 tobian kernel: [    0.638411] system 00:08: [io  0x0980-0x09ff] has been reserved
Mar 28 20:35:01 tobian kernel: [    0.638413] system 00:08: [io  0x0a00-0x0a7f] has been reserved
Mar 28 20:35:01 tobian kernel: [    0.638415] system 00:08: [io  0x0a80-0x0aff] has been reserved
Mar 28 20:35:01 tobian kernel: [    0.638416] system 00:08: [io  0x0b00-0x0b7f] has been reserved
Mar 28 20:35:01 tobian kernel: [    0.638418] system 00:08: [io  0x0b80-0x0bff] has been reserved
Mar 28 20:35:01 tobian kernel: [    0.638420] system 00:08: [io  0x15e0-0x15ef] has been reserved
Mar 28 20:35:01 tobian kernel: [    0.638421] system 00:08: [io  0x1600-0x167f] could not be reserved
Mar 28 20:35:01 tobian kernel: [    0.638423] system 00:08: [io  0x1640-0x165f] could not be reserved
Mar 28 20:35:01 tobian kernel: [    0.638425] system 00:08: [mem 0xf8000000-0xfbffffff] has been reserved
Mar 28 20:35:01 tobian kernel: [    0.638428] system 00:08: [mem 0xfed10000-0xfed13fff] has been reserved
Mar 28 20:35:01 tobian kernel: [    0.638429] system 00:08: [mem 0xfed18000-0xfed18fff] has been reserved
Mar 28 20:35:01 tobian kernel: [    0.638431] system 00:08: [mem 0xfed19000-0xfed19fff] has been reserved
Mar 28 20:35:01 tobian kernel: [    0.638433] system 00:08: [mem 0xfeb00000-0xfebfffff] has been reserved
Mar 28 20:35:01 tobian kernel: [    0.638437] system 00:08: [mem 0xfed20000-0xfed3ffff] has been reserved
Mar 28 20:35:01 tobian kernel: [    0.638439] system 00:08: [mem 0xfed90000-0xfed93fff] could not be reserved
Mar 28 20:35:01 tobian kernel: [    0.638441] system 00:08: [mem 0xf7fe0000-0xf7ffffff] has been reserved
Mar 28 20:35:01 tobian kernel: [    0.640255] system 00:09: [mem 0xfdaf0000-0xfdafffff] has been reserved
Mar 28 20:35:01 tobian kernel: [    0.640257] system 00:09: [mem 0xfdae0000-0xfdaeffff] has been reserved
Mar 28 20:35:01 tobian kernel: [    0.640259] system 00:09: [mem 0xfdac0000-0xfdacffff] has been reserved
Mar 28 20:35:01 tobian kernel: [    0.641047] system 00:0a: [mem 0xfed10000-0xfed17fff] could not be reserved
Mar 28 20:35:01 tobian kernel: [    0.641049] system 00:0a: [mem 0xfed18000-0xfed18fff] has been reserved
Mar 28 20:35:01 tobian kernel: [    0.641051] system 00:0a: [mem 0xfed19000-0xfed19fff] has been reserved
Mar 28 20:35:01 tobian kernel: [    0.641053] system 00:0a: [mem 0xf8000000-0xfbffffff] has been reserved
Mar 28 20:35:01 tobian kernel: [    0.641055] system 00:0a: [mem 0xfed20000-0xfed3ffff] has been reserved
Mar 28 20:35:01 tobian kernel: [    0.641056] system 00:0a: [mem 0xfed90000-0xfed93fff] could not be reserved
Mar 28 20:35:01 tobian kernel: [    0.641058] system 00:0a: [mem 0xfed45000-0xfed8ffff] has been reserved
Mar 28 20:35:01 tobian kernel: [    0.641060] system 00:0a: [mem 0xff000000-0xffffffff] has been reserved
Mar 28 20:35:01 tobian kernel: [    0.641062] system 00:0a: [mem 0xfee00000-0xfeefffff] has been reserved
Mar 28 20:35:01 tobian kernel: [    0.641064] system 00:0a: [mem 0xf7fe0000-0xf7ffffff] has been reserved
Mar 28 20:35:01 tobian kernel: [    0.641425] system 00:0b: [mem 0x00000000-0x0009ffff] could not be reserved
Mar 28 20:35:01 tobian kernel: [    0.641427] system 00:0b: [mem 0x000f0000-0x000fffff] could not be reserved
Mar 28 20:35:01 tobian kernel: [    0.641429] system 00:0b: [mem 0x00100000-0x8c7fffff] could not be reserved
Mar 28 20:35:01 tobian kernel: [    0.641431] system 00:0b: [mem 0xfec00000-0xfed3ffff] could not be reserved
Mar 28 20:35:01 tobian kernel: [    0.641433] system 00:0b: [mem 0xfed4c000-0xffffffff] could not be reserved
Mar 28 20:35:01 tobian kernel: [    0.641623] pnp: PnP ACPI: found 12 devices
Mar 28 20:35:01 tobian kernel: [    0.647806] clocksource: acpi_pm: mask: 0xffffff max_cycles: 0xffffff, max_idle_ns: 2085701024 ns
Mar 28 20:35:01 tobian kernel: [    0.647889] NET: Registered protocol family 2
Mar 28 20:35:01 tobian kernel: [    0.648096] IP idents hash table entries: 262144 (order: 9, 2097152 bytes, linear)
Mar 28 20:35:01 tobian kernel: [    0.650946] tcp_listen_portaddr_hash hash table entries: 8192 (order: 5, 131072 bytes, linear)
Mar 28 20:35:01 tobian kernel: [    0.651061] TCP established hash table entries: 131072 (order: 8, 1048576 bytes, linear)
Mar 28 20:35:01 tobian kernel: [    0.651326] TCP bind hash table entries: 65536 (order: 8, 1048576 bytes, linear)
Mar 28 20:35:01 tobian kernel: [    0.651430] TCP: Hash tables configured (established 131072 bind 65536)
Mar 28 20:35:01 tobian kernel: [    0.651490] UDP hash table entries: 8192 (order: 6, 262144 bytes, linear)
Mar 28 20:35:01 tobian kernel: [    0.651558] UDP-Lite hash table entries: 8192 (order: 6, 262144 bytes, linear)
Mar 28 20:35:01 tobian kernel: [    0.651647] NET: Registered protocol family 1
Mar 28 20:35:01 tobian kernel: [    0.651653] NET: Registered protocol family 44
Mar 28 20:35:01 tobian kernel: [    0.651663] pci 0000:00:1c.0: bridge window [io  0x1000-0x0fff] to [bus 01] add_size 1000
Mar 28 20:35:01 tobian kernel: [    0.651667] pci 0000:00:1c.0: bridge window [mem 0x00100000-0x000fffff 64bit pref] to [bus 01] add_size 200000 add_align 100000
Mar 28 20:35:01 tobian kernel: [    0.651669] pci 0000:00:1c.0: bridge window [mem 0x00100000-0x000fffff] to [bus 01] add_size 200000 add_align 100000
Mar 28 20:35:01 tobian kernel: [    0.651673] pci 0000:05:01.0: bridge window [io  0x1000-0x0fff] to [bus 07-3b] add_size 1000
Mar 28 20:35:01 tobian kernel: [    0.651676] pci 0000:04:00.0: bridge window [io  0x1000-0x0fff] to [bus 05-3c] add_size 1000
Mar 28 20:35:01 tobian kernel: [    0.651678] pci 0000:00:1d.0: bridge window [io  0x1000-0x0fff] to [bus 04-3c] add_size 2000
Mar 28 20:35:01 tobian kernel: [    0.651693] pci 0000:00:1c.0: BAR 14: assigned [mem 0x8c800000-0x8c9fffff]
Mar 28 20:35:01 tobian kernel: [    0.651708] pci 0000:00:1c.0: BAR 15: assigned [mem 0x8ca00000-0x8cbfffff 64bit pref]
Mar 28 20:35:01 tobian kernel: [    0.651711] pci 0000:00:1c.0: BAR 13: assigned [io  0x2000-0x2fff]
Mar 28 20:35:01 tobian kernel: [    0.651714] pci 0000:00:1d.0: BAR 13: assigned [io  0x3000-0x4fff]
Mar 28 20:35:01 tobian kernel: [    0.651717] pci 0000:00:1c.0: PCI bridge to [bus 01]
Mar 28 20:35:01 tobian kernel: [    0.651721] pci 0000:00:1c.0:   bridge window [io  0x2000-0x2fff]
Mar 28 20:35:01 tobian kernel: [    0.651726] pci 0000:00:1c.0:   bridge window [mem 0x8c800000-0x8c9fffff]
Mar 28 20:35:01 tobian kernel: [    0.651730] pci 0000:00:1c.0:   bridge window [mem 0x8ca00000-0x8cbfffff 64bit pref]
Mar 28 20:35:01 tobian kernel: [    0.651735] pci 0000:00:1c.4: PCI bridge to [bus 02]
Mar 28 20:35:01 tobian kernel: [    0.651740] pci 0000:00:1c.4:   bridge window [mem 0xe8200000-0xe82fffff]
Mar 28 20:35:01 tobian kernel: [    0.651747] pci 0000:00:1c.6: PCI bridge to [bus 03]
Mar 28 20:35:01 tobian kernel: [    0.651751] pci 0000:00:1c.6:   bridge window [mem 0xe8100000-0xe81fffff]
Mar 28 20:35:01 tobian kernel: [    0.651758] pci 0000:04:00.0: BAR 13: assigned [io  0x3000-0x3fff]
Mar 28 20:35:01 tobian kernel: [    0.651761] pci 0000:05:01.0: BAR 13: assigned [io  0x3000-0x3fff]
Mar 28 20:35:01 tobian kernel: [    0.651763] pci 0000:05:00.0: PCI bridge to [bus 06]
Mar 28 20:35:01 tobian kernel: [    0.651769] pci 0000:05:00.0:   bridge window [mem 0xe6000000-0xe60fffff]
Mar 28 20:35:01 tobian kernel: [    0.651778] pci 0000:05:01.0: PCI bridge to [bus 07-3b]
Mar 28 20:35:01 tobian kernel: [    0.651781] pci 0000:05:01.0:   bridge window [io  0x3000-0x3fff]
Mar 28 20:35:01 tobian kernel: [    0.651786] pci 0000:05:01.0:   bridge window [mem 0xd0000000-0xe5efffff]
Mar 28 20:35:01 tobian kernel: [    0.651791] pci 0000:05:01.0:   bridge window [mem 0x90000000-0xb1ffffff 64bit pref]
Mar 28 20:35:01 tobian kernel: [    0.651798] pci 0000:05:02.0: PCI bridge to [bus 3c]
Mar 28 20:35:01 tobian kernel: [    0.651803] pci 0000:05:02.0:   bridge window [mem 0xe5f00000-0xe5ffffff]
Mar 28 20:35:01 tobian kernel: [    0.651813] pci 0000:04:00.0: PCI bridge to [bus 05-3c]
Mar 28 20:35:01 tobian kernel: [    0.651815] pci 0000:04:00.0:   bridge window [io  0x3000-0x3fff]
Mar 28 20:35:01 tobian kernel: [    0.651821] pci 0000:04:00.0:   bridge window [mem 0xd0000000-0xe60fffff]
Mar 28 20:35:01 tobian kernel: [    0.651825] pci 0000:04:00.0:   bridge window [mem 0x90000000-0xb1ffffff 64bit pref]
Mar 28 20:35:01 tobian kernel: [    0.651831] pci 0000:00:1d.0: PCI bridge to [bus 04-3c]
Mar 28 20:35:01 tobian kernel: [    0.651834] pci 0000:00:1d.0:   bridge window [io  0x3000-0x4fff]
Mar 28 20:35:01 tobian kernel: [    0.651838] pci 0000:00:1d.0:   bridge window [mem 0xd0000000-0xe60fffff]
Mar 28 20:35:01 tobian kernel: [    0.651841] pci 0000:00:1d.0:   bridge window [mem 0x90000000-0xb1ffffff 64bit pref]
Mar 28 20:35:01 tobian kernel: [    0.651846] pci 0000:00:1d.2: PCI bridge to [bus 3d]
Mar 28 20:35:01 tobian kernel: [    0.651850] pci 0000:00:1d.2:   bridge window [mem 0xe8000000-0xe80fffff]
Mar 28 20:35:01 tobian kernel: [    0.651858] pci_bus 0000:00: resource 4 [io  0x0000-0x0cf7 window]
Mar 28 20:35:01 tobian kernel: [    0.651859] pci_bus 0000:00: resource 5 [io  0x0d00-0xffff window]
Mar 28 20:35:01 tobian kernel: [    0.651861] pci_bus 0000:00: resource 6 [mem 0x000a0000-0x000bffff window]
Mar 28 20:35:01 tobian kernel: [    0.651862] pci_bus 0000:00: resource 7 [mem 0x000c0000-0x000c3fff window]
Mar 28 20:35:01 tobian kernel: [    0.651864] pci_bus 0000:00: resource 8 [mem 0x000c4000-0x000c7fff window]
Mar 28 20:35:01 tobian kernel: [    0.651865] pci_bus 0000:00: resource 9 [mem 0x000c8000-0x000cbfff window]
Mar 28 20:35:01 tobian kernel: [    0.651866] pci_bus 0000:00: resource 10 [mem 0x000cc000-0x000cffff window]
Mar 28 20:35:01 tobian kernel: [    0.651868] pci_bus 0000:00: resource 11 [mem 0x000d0000-0x000d3fff window]
Mar 28 20:35:01 tobian kernel: [    0.651869] pci_bus 0000:00: resource 12 [mem 0x000d4000-0x000d7fff window]
Mar 28 20:35:01 tobian kernel: [    0.651871] pci_bus 0000:00: resource 13 [mem 0x000d8000-0x000dbfff window]
Mar 28 20:35:01 tobian kernel: [    0.651872] pci_bus 0000:00: resource 14 [mem 0x000dc000-0x000dffff window]
Mar 28 20:35:01 tobian kernel: [    0.651874] pci_bus 0000:00: resource 15 [mem 0x000e0000-0x000e3fff window]
Mar 28 20:35:01 tobian kernel: [    0.651875] pci_bus 0000:00: resource 16 [mem 0x000e4000-0x000e7fff window]
Mar 28 20:35:01 tobian kernel: [    0.651876] pci_bus 0000:00: resource 17 [mem 0x000e8000-0x000ebfff window]
Mar 28 20:35:01 tobian kernel: [    0.651878] pci_bus 0000:00: resource 18 [mem 0x000ec000-0x000effff window]
Mar 28 20:35:01 tobian kernel: [    0.651879] pci_bus 0000:00: resource 19 [mem 0x000f0000-0x000fffff window]
Mar 28 20:35:01 tobian kernel: [    0.651881] pci_bus 0000:00: resource 20 [mem 0x8c800000-0xf7ffffff window]
Mar 28 20:35:01 tobian kernel: [    0.651882] pci_bus 0000:00: resource 21 [mem 0xfd000000-0xfe7fffff window]
Mar 28 20:35:01 tobian kernel: [    0.651885] pci_bus 0000:01: resource 0 [io  0x2000-0x2fff]
Mar 28 20:35:01 tobian kernel: [    0.651887] pci_bus 0000:01: resource 1 [mem 0x8c800000-0x8c9fffff]
Mar 28 20:35:01 tobian kernel: [    0.651888] pci_bus 0000:01: resource 2 [mem 0x8ca00000-0x8cbfffff 64bit pref]
Mar 28 20:35:01 tobian kernel: [    0.651891] pci_bus 0000:02: resource 1 [mem 0xe8200000-0xe82fffff]
Mar 28 20:35:01 tobian kernel: [    0.651894] pci_bus 0000:03: resource 1 [mem 0xe8100000-0xe81fffff]
Mar 28 20:35:01 tobian kernel: [    0.651895] pci_bus 0000:04: resource 0 [io  0x3000-0x4fff]
Mar 28 20:35:01 tobian kernel: [    0.651897] pci_bus 0000:04: resource 1 [mem 0xd0000000-0xe60fffff]
Mar 28 20:35:01 tobian kernel: [    0.651898] pci_bus 0000:04: resource 2 [mem 0x90000000-0xb1ffffff 64bit pref]
Mar 28 20:35:01 tobian kernel: [    0.651900] pci_bus 0000:05: resource 0 [io  0x3000-0x3fff]
Mar 28 20:35:01 tobian kernel: [    0.651901] pci_bus 0000:05: resource 1 [mem 0xd0000000-0xe60fffff]
Mar 28 20:35:01 tobian kernel: [    0.651902] pci_bus 0000:05: resource 2 [mem 0x90000000-0xb1ffffff 64bit pref]
Mar 28 20:35:01 tobian kernel: [    0.651904] pci_bus 0000:06: resource 1 [mem 0xe6000000-0xe60fffff]
Mar 28 20:35:01 tobian kernel: [    0.651905] pci_bus 0000:07: resource 0 [io  0x3000-0x3fff]
Mar 28 20:35:01 tobian kernel: [    0.651907] pci_bus 0000:07: resource 1 [mem 0xd0000000-0xe5efffff]
Mar 28 20:35:01 tobian kernel: [    0.651908] pci_bus 0000:07: resource 2 [mem 0x90000000-0xb1ffffff 64bit pref]
Mar 28 20:35:01 tobian kernel: [    0.651910] pci_bus 0000:3c: resource 1 [mem 0xe5f00000-0xe5ffffff]
Mar 28 20:35:01 tobian kernel: [    0.651911] pci_bus 0000:3d: resource 1 [mem 0xe8000000-0xe80fffff]
Mar 28 20:35:01 tobian kernel: [    0.652096] pci 0000:00:02.0: Video device with shadowed ROM at [mem 0x000c0000-0x000dffff]
Mar 28 20:35:01 tobian kernel: [    0.652954] pci 0000:04:00.0: enabling device (0006 -> 0007)
Mar 28 20:35:01 tobian kernel: [    0.653440] PCI: CLS 128 bytes, default 64
Mar 28 20:35:01 tobian kernel: [    0.653489] Trying to unpack rootfs image as initramfs...
Mar 28 20:35:01 tobian kernel: [    2.097570] Freeing initrd memory: 69520K
Mar 28 20:35:01 tobian kernel: [    2.097621] DMAR: No ATSR found
Mar 28 20:35:01 tobian kernel: [    2.097681] DMAR: dmar0: Using Queued invalidation
Mar 28 20:35:01 tobian kernel: [    2.097686] DMAR: dmar1: Using Queued invalidation
Mar 28 20:35:01 tobian kernel: [    2.098173] pci 0000:00:00.0: Adding to iommu group 0
Mar 28 20:35:01 tobian kernel: [    2.098187] pci 0000:00:02.0: Adding to iommu group 1
Mar 28 20:35:01 tobian kernel: [    2.098202] pci 0000:00:04.0: Adding to iommu group 2
Mar 28 20:35:01 tobian kernel: [    2.098215] pci 0000:00:08.0: Adding to iommu group 3
Mar 28 20:35:01 tobian kernel: [    2.098240] pci 0000:00:14.0: Adding to iommu group 4
Mar 28 20:35:01 tobian kernel: [    2.098251] pci 0000:00:14.2: Adding to iommu group 4
Mar 28 20:35:01 tobian kernel: [    2.098270] pci 0000:00:16.0: Adding to iommu group 5
Mar 28 20:35:01 tobian kernel: [    2.098296] pci 0000:00:1c.0: Adding to iommu group 6
Mar 28 20:35:01 tobian kernel: [    2.098312] pci 0000:00:1c.4: Adding to iommu group 7
Mar 28 20:35:01 tobian kernel: [    2.098327] pci 0000:00:1c.6: Adding to iommu group 8
Mar 28 20:35:01 tobian kernel: [    2.098340] pci 0000:00:1d.0: Adding to iommu group 9
Mar 28 20:35:01 tobian kernel: [    2.098355] pci 0000:00:1d.2: Adding to iommu group 10
Mar 28 20:35:01 tobian kernel: [    2.098397] pci 0000:00:1f.0: Adding to iommu group 11
Mar 28 20:35:01 tobian kernel: [    2.098419] pci 0000:00:1f.2: Adding to iommu group 11
Mar 28 20:35:01 tobian kernel: [    2.098432] pci 0000:00:1f.3: Adding to iommu group 11
Mar 28 20:35:01 tobian kernel: [    2.098446] pci 0000:00:1f.4: Adding to iommu group 11
Mar 28 20:35:01 tobian kernel: [    2.098459] pci 0000:00:1f.6: Adding to iommu group 11
Mar 28 20:35:01 tobian kernel: [    2.098480] pci 0000:02:00.0: Adding to iommu group 12
Mar 28 20:35:01 tobian kernel: [    2.098495] pci 0000:03:00.0: Adding to iommu group 13
Mar 28 20:35:01 tobian kernel: [    2.098509] pci 0000:04:00.0: Adding to iommu group 14
Mar 28 20:35:01 tobian kernel: [    2.098523] pci 0000:05:00.0: Adding to iommu group 15
Mar 28 20:35:01 tobian kernel: [    2.098538] pci 0000:05:01.0: Adding to iommu group 16
Mar 28 20:35:01 tobian kernel: [    2.098552] pci 0000:05:02.0: Adding to iommu group 17
Mar 28 20:35:01 tobian kernel: [    2.098558] pci 0000:06:00.0: Adding to iommu group 15
Mar 28 20:35:01 tobian kernel: [    2.098563] pci 0000:3c:00.0: Adding to iommu group 17
Mar 28 20:35:01 tobian kernel: [    2.098577] pci 0000:3d:00.0: Adding to iommu group 18
Mar 28 20:35:01 tobian kernel: [    2.102782] DMAR: Intel(R) Virtualization Technology for Directed I/O
Mar 28 20:35:01 tobian kernel: [    2.102783] PCI-DMA: Using software bounce buffering for IO (SWIOTLB)
Mar 28 20:35:01 tobian kernel: [    2.102786] software IO TLB: mapped [mem 0x000000007a480000-0x000000007e480000] (64MB)
Mar 28 20:35:01 tobian kernel: [    2.103453] Initialise system trusted keyrings
Mar 28 20:35:01 tobian kernel: [    2.103493] Key type blacklist registered
Mar 28 20:35:01 tobian kernel: [    2.103539] workingset: timestamp_bits=36 max_order=22 bucket_order=0
Mar 28 20:35:01 tobian kernel: [    2.105051] zbud: loaded
Mar 28 20:35:01 tobian kernel: [    2.105267] integrity: Platform Keyring initialized
Mar 28 20:35:01 tobian kernel: [    2.105269] Key type asymmetric registered
Mar 28 20:35:01 tobian kernel: [    2.105270] Asymmetric key parser 'x509' registered
Mar 28 20:35:01 tobian kernel: [    2.105278] Block layer SCSI generic (bsg) driver version 0.4 loaded (major 251)
Mar 28 20:35:01 tobian kernel: [    2.105334] io scheduler mq-deadline registered
Mar 28 20:35:01 tobian kernel: [    2.105801] pcieport 0000:00:1c.0: PME: Signaling with IRQ 122
Mar 28 20:35:01 tobian kernel: [    2.105835] pcieport 0000:00:1c.0: pciehp: Slot #0 AttnBtn- PwrCtrl- MRL- AttnInd- PwrInd- HotPlug+ Surprise+ Interlock- NoCompl+ IbPresDis- LLActRep+
Mar 28 20:35:01 tobian kernel: [    2.106186] pcieport 0000:00:1c.4: PME: Signaling with IRQ 123
Mar 28 20:35:01 tobian kernel: [    2.106455] pcieport 0000:00:1c.6: PME: Signaling with IRQ 124
Mar 28 20:35:01 tobian kernel: [    2.106596] pcieport 0000:00:1d.0: PME: Signaling with IRQ 125
Mar 28 20:35:01 tobian kernel: [    2.106621] pcieport 0000:00:1d.0: pciehp: Slot #8 AttnBtn- PwrCtrl- MRL- AttnInd- PwrInd- HotPlug+ Surprise+ Interlock- NoCompl+ IbPresDis- LLActRep+
Mar 28 20:35:01 tobian kernel: [    2.106903] pcieport 0000:00:1d.2: PME: Signaling with IRQ 126
Mar 28 20:35:01 tobian kernel: [    2.107277] pcieport 0000:05:01.0: enabling device (0006 -> 0007)
Mar 28 20:35:01 tobian kernel: [    2.107428] pcieport 0000:05:01.0: pciehp: Slot #1 AttnBtn- PwrCtrl- MRL- AttnInd- PwrInd- HotPlug+ Surprise+ Interlock- NoCompl+ IbPresDis- LLActRep+
Mar 28 20:35:01 tobian kernel: [    2.107772] shpchp: Standard Hot Plug PCI Controller Driver version: 0.4
Mar 28 20:35:01 tobian kernel: [    2.107792] efifb: probing for efifb
Mar 28 20:35:01 tobian kernel: [    2.107814] efifb: framebuffer at 0xc0000000, using 8128k, total 8128k
Mar 28 20:35:01 tobian kernel: [    2.107816] efifb: mode is 1920x1080x32, linelength=7680, pages=1
Mar 28 20:35:01 tobian kernel: [    2.107816] efifb: scrolling: redraw
Mar 28 20:35:01 tobian kernel: [    2.107818] efifb: Truecolor: size=8:8:8:8, shift=24:16:8:0
Mar 28 20:35:01 tobian kernel: [    2.107923] Console: switching to colour frame buffer device 240x67
Mar 28 20:35:01 tobian kernel: [    2.115308] fb0: EFI VGA frame buffer device
Mar 28 20:35:01 tobian kernel: [    2.121232] thermal LNXTHERM:00: registered as thermal_zone0
Mar 28 20:35:01 tobian kernel: [    2.121234] ACPI: Thermal Zone [THM0] (39 C)
Mar 28 20:35:01 tobian kernel: [    2.121532] Serial: 8250/16550 driver, 4 ports, IRQ sharing enabled
Mar 28 20:35:01 tobian kernel: [    2.122556] hpet_acpi_add: no address or irqs in _CRS
Mar 28 20:35:01 tobian kernel: [    2.122594] Linux agpgart interface v0.103
Mar 28 20:35:01 tobian kernel: [    2.122645] AMD-Vi: AMD IOMMUv2 functionality not available on this system - This is not a bug.
Mar 28 20:35:01 tobian kernel: [    2.123537] i8042: PNP: PS/2 Controller [PNP0303:KBD,PNP0f13:MOU] at 0x60,0x64 irq 1,12
Mar 28 20:35:01 tobian kernel: [    2.125369] serio: i8042 KBD port at 0x60,0x64 irq 1
Mar 28 20:35:01 tobian kernel: [    2.125375] serio: i8042 AUX port at 0x60,0x64 irq 12
Mar 28 20:35:01 tobian kernel: [    2.125619] mousedev: PS/2 mouse device common for all mice
Mar 28 20:35:01 tobian kernel: [    2.125669] rtc_cmos 00:04: RTC can wake from S4
Mar 28 20:35:01 tobian kernel: [    2.126319] rtc_cmos 00:04: registered as rtc0
Mar 28 20:35:01 tobian kernel: [    2.126476] rtc_cmos 00:04: setting system clock to 2022-03-28T18:34:49 UTC (1648492489)
Mar 28 20:35:01 tobian kernel: [    2.126495] rtc_cmos 00:04: alarms up to one month, y3k, 242 bytes nvram
Mar 28 20:35:01 tobian kernel: [    2.126506] intel_pstate: Intel P-state driver initializing
Mar 28 20:35:01 tobian kernel: [    2.127184] input: AT Translated Set 2 keyboard as /devices/platform/i8042/serio0/input/input0
Mar 28 20:35:01 tobian kernel: [    2.127515] intel_pstate: HWP enabled
Mar 28 20:35:01 tobian kernel: [    2.127576] ledtrig-cpu: registered to indicate activity on CPUs
Mar 28 20:35:01 tobian kernel: [    2.127969] NET: Registered protocol family 10
Mar 28 20:35:01 tobian kernel: [    2.135039] Segment Routing with IPv6
Mar 28 20:35:01 tobian kernel: [    2.135055] mip6: Mobile IPv6
Mar 28 20:35:01 tobian kernel: [    2.135057] NET: Registered protocol family 17
Mar 28 20:35:01 tobian kernel: [    2.135120] mpls_gso: MPLS GSO support
Mar 28 20:35:01 tobian kernel: [    2.135856] microcode: sig=0x806ea, pf=0x80, revision=0xec
Mar 28 20:35:01 tobian kernel: [    2.136112] microcode: Microcode Update Driver: v2.2.
Mar 28 20:35:01 tobian kernel: [    2.136115] IPI shorthand broadcast: enabled
Mar 28 20:35:01 tobian kernel: [    2.136123] sched_clock: Marking stable (2129572038, 6241705)->(2151367446, -15553703)
Mar 28 20:35:01 tobian kernel: [    2.136382] registered taskstats version 1
Mar 28 20:35:01 tobian kernel: [    2.136384] Loading compiled-in X.509 certificates
Mar 28 20:35:01 tobian kernel: [    2.158027] Loaded X.509 cert 'Debian Secure Boot CA: 6ccece7e4c6c0d1f6149f3dd27dfcc5cbb419ea1'
Mar 28 20:35:01 tobian kernel: [    2.158042] Loaded X.509 cert 'Debian Secure Boot Signer 2021 - linux: 4b6ef5abca669825178e052c84667ccbc0531f8c'
Mar 28 20:35:01 tobian kernel: [    2.158073] zswap: loaded using pool lzo/zbud
Mar 28 20:35:01 tobian kernel: [    2.158531] Key type ._fscrypt registered
Mar 28 20:35:01 tobian kernel: [    2.158532] Key type .fscrypt registered
Mar 28 20:35:01 tobian kernel: [    2.158533] Key type fscrypt-provisioning registered
Mar 28 20:35:01 tobian kernel: [    2.158567] AppArmor: AppArmor sha1 policy hashing enabled
Mar 28 20:35:01 tobian kernel: [    2.159603] integrity: Loading X.509 certificate: UEFI:db
Mar 28 20:35:01 tobian kernel: [    2.159621] integrity: Loaded X.509 cert 'Lenovo Ltd.: ThinkPad Product CA 2012: 838b1f54c1550463f45f98700640f11069265949'
Mar 28 20:35:01 tobian kernel: [    2.159621] integrity: Loading X.509 certificate: UEFI:db
Mar 28 20:35:01 tobian kernel: [    2.159648] integrity: Loaded X.509 cert 'Lenovo UEFI CA 2014: 4b91a68732eaefdd2c8ffffc6b027ec3449e9c8f'
Mar 28 20:35:01 tobian kernel: [    2.159649] integrity: Loading X.509 certificate: UEFI:db
Mar 28 20:35:01 tobian kernel: [    2.159663] integrity: Loaded X.509 cert 'Microsoft Corporation UEFI CA 2011: 13adbf4309bd82709c8cd54f316ed522988a1bd4'
Mar 28 20:35:01 tobian kernel: [    2.159663] integrity: Loading X.509 certificate: UEFI:db
Mar 28 20:35:01 tobian kernel: [    2.159678] integrity: Loaded X.509 cert 'Microsoft Windows Production PCA 2011: a92902398e16c49778cd90f99e4f9ae17c55af53'
Mar 28 20:35:01 tobian kernel: [    2.162164] Freeing unused kernel image (initmem) memory: 2412K
Mar 28 20:35:01 tobian kernel: [    2.227578] Write protecting the kernel read-only data: 22528k
